******************************************************************************
                  TI ARM Linker PC v16.9.4                     
******************************************************************************
>> Linked Fri Sep 01 22:03:42 2023

OUTPUT FILE NAME:   <HELLO_TIVA.out>
ENTRY POINT SYMBOL: "_c_int00"  address: 00000f19


MEMORY CONFIGURATION

         name            origin    length      used     unused   attr    fill
----------------------  --------  ---------  --------  --------  ----  --------
  FLASH                 00000000   00040000  00001484  0003eb7c  R  X
  SRAM                  20000000   00008000  000004a5  00007b5b  RW X


SEGMENT ALLOCATION MAP

run origin  load origin   length   init length attrs members
----------  ----------- ---------- ----------- ----- -------
00000000    00000000    00001488   00001488    r-x
  00000000    00000000    0000026c   0000026c    r-- .intvecs
  0000026c    0000026c    00000fec   00000fec    r-x .text
  00001258    00001258    000001d4   000001d4    r-- .const
  00001430    00001430    00000058   00000058    r-- .cinit
20000000    20000000    000004a8   00000000    rw-
  20000000    20000000    0000026c   00000000    rw- .vtable
  2000026c    2000026c    00000200   00000000    rw- .stack
  2000046c    2000046c    00000031   00000000    rw- .data
  200004a0    200004a0    00000008   00000000    rw- .bss


SECTION ALLOCATION MAP

 output                                  attributes/
section   page    origin      length       input sections
--------  ----  ----------  ----------   ----------------
.intvecs   0    00000000    0000026c     
                  00000000    0000026c     tm4c123gh6pm_startup_ccs.obj (.intvecs)

.text      0    0000026c    00000fec     
                  0000026c    00000468     GPIO_Program.obj (.text)
                  000006d4    000002c2     LCD.obj (.text)
                  00000996    00000002     rtsv7M4_T_le_v4SPD16_eabi.lib : mpu_init.obj (.text)
                  00000998    0000016c     driverlib.lib : gpio.obj (.text:GPIOPadConfigSet)
                  00000b04    0000015c     main.obj (.text)
                  00000c60    0000009c     rtsv7M4_T_le_v4SPD16_eabi.lib : memcpy_t2.obj (.text)
                  00000cfc    0000007a                                   : memset_t2.obj (.text)
                  00000d76    00000002                                   : startup.obj (.text)
                  00000d78    00000070                                   : autoinit.obj (.text)
                  00000de8    00000068     driverlib.lib : interrupt.obj (.text:IntEnable)
                  00000e50    00000068     rtsv7M4_T_le_v4SPD16_eabi.lib : copy_decompress_lzss.obj (.text:decompress:lzss)
                  00000eb8    00000060     driverlib.lib : timer.obj (.text:TimerConfigure)
                  00000f18    00000054     rtsv7M4_T_le_v4SPD16_eabi.lib : boot.obj (.text)
                  00000f6c    00000054                                   : exit.obj (.text)
                  00000fc0    0000004c     driverlib.lib : gpio.obj (.text:GPIOPinConfigure)
                  0000100c    0000004c                   : timer.obj (.text:_TimerIntNumberGet)
                  00001058    0000004c     rtsv7M4_T_le_v4SPD16_eabi.lib : cpy_tbl.obj (.text)
                  000010a4    00000038     driverlib.lib : sysctl.obj (.text:SysCtlPeripheralReady)
                  000010dc    00000034                   : interrupt.obj (.text:IntRegister)
                  00001110    00000034                   : sysctl.obj (.text:SysCtlPeripheralEnable)
                  00001144    0000002c                   : gpio.obj (.text:GPIODirModeSet)
                  00001170    00000024     UTILS.obj (.text)
                  00001194    00000018     driverlib.lib : timer.obj (.text:TimerIntRegister)
                  000011ac    00000018     rtsv7M4_T_le_v4SPD16_eabi.lib : args_main.obj (.text)
                  000011c4    00000016     driverlib.lib : gpio.obj (.text:GPIOPinTypeTimer)
                  000011da    00000016                   : timer.obj (.text:TimerControlEvent)
                  000011f0    00000014     rtsv7M4_T_le_v4SPD16_eabi.lib : _lock.obj (.text)
                  00001204    0000000e     driverlib.lib : timer.obj (.text:TimerEnable)
                  00001212    0000000e     rtsv7M4_T_le_v4SPD16_eabi.lib : copy_decompress_none.obj (.text:decompress:none)
                  00001220    0000000c                                   : copy_zero_init.obj (.text:decompress:ZI)
                  0000122c    0000000c     tm4c123gh6pm_startup_ccs.obj (.text)
                  00001238    0000000a     driverlib.lib : timer.obj (.text:TimerValueGet)
                  00001242    00000008                   : timer.obj (.text:TimerIntEnable)
                  0000124a    00000006                   : sysctl.obj (.text:SysCtlDelay)
                  00001250    00000004                   : timer.obj (.text:TimerIntClear)
                  00001254    00000004     rtsv7M4_T_le_v4SPD16_eabi.lib : pre_init.obj (.text)

.const     0    00001258    000001d4     
                  00001258    00000090     main.obj (.const:$P$T0$1)
                  000012e8    00000090     driverlib.lib : gpio.obj (.const:g_pui32GPIOBaseAddrs)
                  00001378    00000060                   : timer.obj (.const:g_ppui32TimerIntMap)
                  000013d8    00000040                   : timer.obj (.const:g_ppui32TimerIntMapSnowflake)
                  00001418    00000014                   : interrupt.obj (.const:g_pui32EnRegs)

.cinit     0    00001430    00000058     
                  00001430    00000023     (.cinit..data.load) [load image, compression = lzss]
                  00001453    00000001     --HOLE-- [fill = 0]
                  00001454    0000000c     (__TI_handler_table)
                  00001460    00000008     (.cinit..bss.load) [load image, compression = zero_init]
                  00001468    00000008     (.cinit..vtable.load) [load image, compression = zero_init]
                  00001470    00000018     (__TI_cinit_table)

.init_array 
*          0    00000000    00000000     UNINITIALIZED

.vtable    0    20000000    0000026c     UNINITIALIZED
                  20000000    0000026c     driverlib.lib : interrupt.obj (.vtable)

.stack     0    2000026c    00000200     UNINITIALIZED
                  2000026c    00000200     --HOLE--

.data      0    2000046c    00000031     UNINITIALIZED
                  2000046c    00000018     GPIO_Program.obj (.data:GPIO_Arr)
                  20000484    0000000c     rtsv7M4_T_le_v4SPD16_eabi.lib : exit.obj (.data:$O1$$)
                  20000490    00000008                                   : _lock.obj (.data:$O1$$)
                  20000498    00000004                                   : stkdepth_vars.obj (.data)
                  2000049c    00000001     main.obj (.data)

.bss       0    200004a0    00000008     UNINITIALIZED
                  200004a0    00000004     (.common:t1)
                  200004a4    00000004     (.common:t2)

MODULE SUMMARY

       Module                         code   ro data   rw data
       ------                         ----   -------   -------
    .\
       tm4c123gh6pm_startup_ccs.obj   12     620       0      
       main.obj                       348    144       9      
    +--+------------------------------+------+---------+---------+
       Total:                         360    764       9      
                                                              
    .\HAL\LCD\
       LCD.obj                        706    0         0      
    +--+------------------------------+------+---------+---------+
       Total:                         706    0         0      
                                                              
    .\LIB\
       UTILS.obj                      36     0         0      
    +--+------------------------------+------+---------+---------+
       Total:                         36     0         0      
                                                              
    .\MCAL\GPIO\
       GPIO_Program.obj               1128   0         24     
    +--+------------------------------+------+---------+---------+
       Total:                         1128   0         24     
                                                              
    C:/ti/TivaWare_C_Series-2.2.0.295/driverlib/ccs/Debug/driverlib.lib
       interrupt.obj                  156    20        620    
       gpio.obj                       506    144       0      
       timer.obj                      254    160       0      
       sysctl.obj                     114    0         0      
    +--+------------------------------+------+---------+---------+
       Total:                         1030   324       620    
                                                              
    C:\ti\ccsv7\tools\compiler\ti-cgt-arm_16.9.4.LTS\lib\rtsv7M4_T_le_v4SPD16_eabi.lib
       memcpy_t2.obj                  156    0         0      
       memset_t2.obj                  122    0         0      
       autoinit.obj                   112    0         0      
       copy_decompress_lzss.obj       104    0         0      
       exit.obj                       84     0         12     
       boot.obj                       84     0         0      
       cpy_tbl.obj                    76     0         0      
       _lock.obj                      20     0         8      
       args_main.obj                  24     0         0      
       copy_decompress_none.obj       14     0         0      
       copy_zero_init.obj             12     0         0      
       pre_init.obj                   4      0         0      
       stkdepth_vars.obj              0      0         4      
       mpu_init.obj                   2      0         0      
       startup.obj                    2      0         0      
    +--+------------------------------+------+---------+---------+
       Total:                         816    0         24     
                                                              
       Stack:                         0      0         512    
       Linker Generated:              0      87        0      
    +--+------------------------------+------+---------+---------+
       Grand Total:                   4076   1175      1189   


LINKER GENERATED COPY TABLES

__TI_cinit_table @ 00001470 records: 3, size/record: 8, table size: 24
	.data: load addr=00001430, load size=00000023 bytes, run addr=2000046c, run size=00000031 bytes, compression=lzss
	.bss: load addr=00001460, load size=00000008 bytes, run addr=200004a0, run size=00000008 bytes, compression=zero_init
	.vtable: load addr=00001468, load size=00000008 bytes, run addr=20000000, run size=0000026c bytes, compression=zero_init


LINKER GENERATED HANDLER TABLE

__TI_handler_table @ 00001454 records: 3, size/record: 4, table size: 12
	index: 0, handler: __TI_zero_init
	index: 1, handler: __TI_decompress_lzss
	index: 2, handler: __TI_decompress_none


GLOBAL SYMBOLS: SORTED ALPHABETICALLY BY Name 

address   name                           
-------   ----                           
00000f6d  C$$EXIT                        
00001145  GPIODirModeSet                 
00000999  GPIOPadConfigSet               
00000fc1  GPIOPinConfigure               
000011c5  GPIOPinTypeTimer               
00000621  GPIO_GetPinValue               
00000689  GPIO_GetPortValue              
0000026d  GPIO_Init                      
00000575  GPIO_SetPinValue               
000005cf  GPIO_SetPortValue              
00000de9  IntEnable                      
000010dd  IntRegister                    
000007ed  LCD_Clear                      
000008af  LCD_GoTo                       
000006d5  LCD_Init                       
0000072d  LCD_WriteChar                  
000007fd  LCD_WriteData                  
000008e5  LCD_WriteInstruction           
0000073d  LCD_WriteNumber                
000006fd  LCD_WriteString                
0000122d  ResetISR                       
UNDEFED   SHT$$INIT_ARRAY$$Base          
UNDEFED   SHT$$INIT_ARRAY$$Limit         
0000124b  SysCtlDelay                    
00001111  SysCtlPeripheralEnable         
000010a5  SysCtlPeripheralReady          
00000be7  TIMER0_Handler                 
00000eb9  TimerConfigure                 
000011db  TimerControlEvent              
00001205  TimerEnable                    
00001251  TimerIntClear                  
00001243  TimerIntEnable                 
00001195  TimerIntRegister               
00001239  TimerValueGet                  
00000b05  UltraSonic_init                
00000b53  UltraSonic_trigger             
2000046c  __STACK_END                    
00000200  __STACK_SIZE                   
2000046c  __STACK_TOP                    
00001470  __TI_CINIT_Base                
00001488  __TI_CINIT_Limit               
00001454  __TI_Handler_Table_Base        
00001460  __TI_Handler_Table_Limit       
00000d79  __TI_auto_init                 
20000484  __TI_cleanup_ptr               
00000e51  __TI_decompress_lzss           
00001213  __TI_decompress_none           
20000488  __TI_dtors_ptr                 
2000048c  __TI_enable_exit_profile_output
ffffffff  __TI_pprof_out_hndl            
ffffffff  __TI_prof_data_size            
ffffffff  __TI_prof_data_start           
00000000  __TI_static_base__             
00001221  __TI_zero_init                 
00000cfd  __aeabi_memclr                 
00000cfd  __aeabi_memclr4                
00000cfd  __aeabi_memclr8                
00000c61  __aeabi_memcpy                 
00000c61  __aeabi_memcpy4                
00000c61  __aeabi_memcpy8                
00000cff  __aeabi_memset                 
00000cff  __aeabi_memset4                
00000cff  __aeabi_memset8                
ffffffff  __binit__                      
ffffffff  __c_args__                     
00000997  __mpu_init                     
2000026c  __stack                        
000011ad  _args_main                     
00000f19  _c_int00                       
20000490  _lock                          
000011ff  _nop                           
000011f7  _register_lock                 
000011f1  _register_unlock               
00000d77  _system_post_cinit             
00001255  _system_pre_init               
20000494  _unlock                        
00000f71  abort                          
ffffffff  binit                          
00001059  copy_in                        
00001171  delay                          
00000f79  exit                           
2000049c  flag                           
20000000  g_pfnRAMVectors                
00000000  g_pfnVectors                   
00000b71  main                           
20000498  main_func_sp                   
00000c61  memcpy                         
00000d05  memset                         
200004a0  t1                             
200004a4  t2                             


GLOBAL SYMBOLS: SORTED BY Symbol Address 

address   name                           
-------   ----                           
00000000  __TI_static_base__             
00000000  g_pfnVectors                   
00000200  __STACK_SIZE                   
0000026d  GPIO_Init                      
00000575  GPIO_SetPinValue               
000005cf  GPIO_SetPortValue              
00000621  GPIO_GetPinValue               
00000689  GPIO_GetPortValue              
000006d5  LCD_Init                       
000006fd  LCD_WriteString                
0000072d  LCD_WriteChar                  
0000073d  LCD_WriteNumber                
000007ed  LCD_Clear                      
000007fd  LCD_WriteData                  
000008af  LCD_GoTo                       
000008e5  LCD_WriteInstruction           
00000997  __mpu_init                     
00000999  GPIOPadConfigSet               
00000b05  UltraSonic_init                
00000b53  UltraSonic_trigger             
00000b71  main                           
00000be7  TIMER0_Handler                 
00000c61  __aeabi_memcpy                 
00000c61  __aeabi_memcpy4                
00000c61  __aeabi_memcpy8                
00000c61  memcpy                         
00000cfd  __aeabi_memclr                 
00000cfd  __aeabi_memclr4                
00000cfd  __aeabi_memclr8                
00000cff  __aeabi_memset                 
00000cff  __aeabi_memset4                
00000cff  __aeabi_memset8                
00000d05  memset                         
00000d77  _system_post_cinit             
00000d79  __TI_auto_init                 
00000de9  IntEnable                      
00000e51  __TI_decompress_lzss           
00000eb9  TimerConfigure                 
00000f19  _c_int00                       
00000f6d  C$$EXIT                        
00000f71  abort                          
00000f79  exit                           
00000fc1  GPIOPinConfigure               
00001059  copy_in                        
000010a5  SysCtlPeripheralReady          
000010dd  IntRegister                    
00001111  SysCtlPeripheralEnable         
00001145  GPIODirModeSet                 
00001171  delay                          
00001195  TimerIntRegister               
000011ad  _args_main                     
000011c5  GPIOPinTypeTimer               
000011db  TimerControlEvent              
000011f1  _register_unlock               
000011f7  _register_lock                 
000011ff  _nop                           
00001205  TimerEnable                    
00001213  __TI_decompress_none           
00001221  __TI_zero_init                 
0000122d  ResetISR                       
00001239  TimerValueGet                  
00001243  TimerIntEnable                 
0000124b  SysCtlDelay                    
00001251  TimerIntClear                  
00001255  _system_pre_init               
00001454  __TI_Handler_Table_Base        
00001460  __TI_Handler_Table_Limit       
00001470  __TI_CINIT_Base                
00001488  __TI_CINIT_Limit               
20000000  g_pfnRAMVectors                
2000026c  __stack                        
2000046c  __STACK_END                    
2000046c  __STACK_TOP                    
20000484  __TI_cleanup_ptr               
20000488  __TI_dtors_ptr                 
2000048c  __TI_enable_exit_profile_output
20000490  _lock                          
20000494  _unlock                        
20000498  main_func_sp                   
2000049c  flag                           
200004a0  t1                             
200004a4  t2                             
ffffffff  __TI_pprof_out_hndl            
ffffffff  __TI_prof_data_size            
ffffffff  __TI_prof_data_start           
ffffffff  __binit__                      
ffffffff  __c_args__                     
ffffffff  binit                          
UNDEFED   SHT$$INIT_ARRAY$$Base          
UNDEFED   SHT$$INIT_ARRAY$$Limit         

[90 symbols]
