******************************************************************************
                  TI ARM Linker PC v16.9.4                     
******************************************************************************
>> Linked Sun Sep 03 11:01:53 2023

OUTPUT FILE NAME:   <I2c.out>
ENTRY POINT SYMBOL: "_c_int00"  address: 00000681


MEMORY CONFIGURATION

         name            origin    length      used     unused   attr    fill
----------------------  --------  ---------  --------  --------  ----  --------
  FLASH                 00000000   00040000  00000a5c  0003f5a4  R  X
  SRAM                  20000000   00008000  00000218  00007de8  RW X


SEGMENT ALLOCATION MAP

run origin  load origin   length   init length attrs members
----------  ----------- ---------- ----------- ----- -------
00000000    00000000    00000a5c   00000a5c    r-x
  00000000    00000000    0000093c   0000093c    r-x .text
  0000093c    0000093c    000000fc   000000fc    r-- .const
  00000a38    00000a38    00000024   00000024    r-- .cinit
20000000    20000000    00000218   00000000    rw-
  20000000    20000000    00000200   00000000    rw- .stack
  20000200    20000200    00000018   00000000    rw- .data


SECTION ALLOCATION MAP

 output                                  attributes/
section   page    origin      length       input sections
--------  ----  ----------  ----------   ----------------
.text      0    00000000    0000093c     
                  00000000    0000016c     driverlib.lib : gpio.obj (.text:GPIOPadConfigSet)
                  0000016c    00000118                   : sysctl.obj (.text:SysCtlClockGet)
                  00000284    00000118     main.obj (.text)
                  0000039c    000000f4     driverlib.lib : sysctl.obj (.text:SysCtlClockSet)
                  00000490    0000009c     rtsv7M4_T_le_v4SPD16_eabi.lib : memcpy_t2.obj (.text)
                  0000052c    0000007a                                   : memset_t2.obj (.text)
                  000005a6    00000002                                   : mpu_init.obj (.text)
                  000005a8    00000070                                   : autoinit.obj (.text)
                  00000618    00000068                                   : copy_decompress_lzss.obj (.text:decompress:lzss)
                  00000680    00000054                                   : boot.obj (.text)
                  000006d4    00000054                                   : exit.obj (.text)
                  00000728    0000004c     driverlib.lib : gpio.obj (.text:GPIOPinConfigure)
                  00000774    0000004c     rtsv7M4_T_le_v4SPD16_eabi.lib : cpy_tbl.obj (.text)
                  000007c0    00000046     driverlib.lib : uart.obj (.text:UARTConfigSetExpClk)
                  00000806    00000002     rtsv7M4_T_le_v4SPD16_eabi.lib : startup.obj (.text)
                  00000808    00000034     driverlib.lib : sysctl.obj (.text:SysCtlPeripheralEnable)
                  0000083c    0000002c                   : gpio.obj (.text:GPIODirModeSet)
                  00000868    00000020                   : uart.obj (.text:UARTDisable)
                  00000888    0000001a                   : gpio.obj (.text:GPIOPinTypeGPIOOutput)
                  000008a2    00000002     --HOLE-- [fill = 0]
                  000008a4    00000018     rtsv7M4_T_le_v4SPD16_eabi.lib : args_main.obj (.text)
                  000008bc    00000016     driverlib.lib : gpio.obj (.text:GPIOPinTypeGPIOInput)
                  000008d2    00000016                   : gpio.obj (.text:GPIOPinTypeUART)
                  000008e8    00000014                   : uart.obj (.text:UARTEnable)
                  000008fc    00000014     rtsv7M4_T_le_v4SPD16_eabi.lib : _lock.obj (.text)
                  00000910    0000000e                                   : copy_decompress_none.obj (.text:decompress:none)
                  0000091e    0000000a     driverlib.lib : uart.obj (.text:UARTCharGet)
                  00000928    0000000a                   : uart.obj (.text:UARTCharPut)
                  00000932    00000006                   : sysctl.obj (.text:SysCtlDelay)
                  00000938    00000004     rtsv7M4_T_le_v4SPD16_eabi.lib : pre_init.obj (.text)

.const     0    0000093c    000000fc     
                  0000093c    00000090     driverlib.lib : gpio.obj (.const:g_pui32GPIOBaseAddrs)
                  000009cc    0000006c                   : sysctl.obj (.const:g_pui32Xtals)

.cinit     0    00000a38    00000024     
                  00000a38    00000011     (.cinit..data.load) [load image, compression = lzss]
                  00000a49    00000003     --HOLE-- [fill = 0]
                  00000a4c    00000008     (__TI_handler_table)
                  00000a54    00000008     (__TI_cinit_table)

.init_array 
*          0    00000000    00000000     UNINITIALIZED

.stack     0    20000000    00000200     UNINITIALIZED
                  20000000    00000200     --HOLE--

.data      0    20000200    00000018     UNINITIALIZED
                  20000200    0000000c     rtsv7M4_T_le_v4SPD16_eabi.lib : exit.obj (.data:$O1$$)
                  2000020c    00000008                                   : _lock.obj (.data:$O1$$)
                  20000214    00000004                                   : stkdepth_vars.obj (.data)

MODULE SUMMARY

       Module                     code   ro data   rw data
       ------                     ----   -------   -------
    .\
       main.obj                   280    0         0      
    +--+--------------------------+------+---------+---------+
       Total:                     280    0         0      
                                                          
    C:/ti/TivaWare_C_Series-2.2.0.295/driverlib/ccs/Debug/driverlib.lib
       gpio.obj                   554    144       0      
       sysctl.obj                 582    108       0      
       uart.obj                   142    0         0      
    +--+--------------------------+------+---------+---------+
       Total:                     1278   252       0      
                                                          
    C:\ti\ccsv7\tools\compiler\ti-cgt-arm_16.9.4.LTS\lib\rtsv7M4_T_le_v4SPD16_eabi.lib
       memcpy_t2.obj              156    0         0      
       memset_t2.obj              122    0         0      
       autoinit.obj               112    0         0      
       copy_decompress_lzss.obj   104    0         0      
       exit.obj                   84     0         12     
       boot.obj                   84     0         0      
       cpy_tbl.obj                76     0         0      
       _lock.obj                  20     0         8      
       args_main.obj              24     0         0      
       copy_decompress_none.obj   14     0         0      
       pre_init.obj               4      0         0      
       stkdepth_vars.obj          0      0         4      
       mpu_init.obj               2      0         0      
       startup.obj                2      0         0      
    +--+--------------------------+------+---------+---------+
       Total:                     804    0         24     
                                                          
       Stack:                     0      0         512    
       Linker Generated:          0      33        0      
    +--+--------------------------+------+---------+---------+
       Grand Total:               2362   285       536    


LINKER GENERATED COPY TABLES

__TI_cinit_table @ 00000a54 records: 1, size/record: 8, table size: 8
	.data: load addr=00000a38, load size=00000011 bytes, run addr=20000200, run size=00000018 bytes, compression=lzss


LINKER GENERATED HANDLER TABLE

__TI_handler_table @ 00000a4c records: 2, size/record: 4, table size: 8
	index: 0, handler: __TI_decompress_lzss
	index: 1, handler: __TI_decompress_none


GLOBAL SYMBOLS: SORTED ALPHABETICALLY BY Name 

address   name                           
-------   ----                           
000006d5  C$$EXIT                        
0000083d  GPIODirModeSet                 
00000001  GPIOPadConfigSet               
00000729  GPIOPinConfigure               
000008bd  GPIOPinTypeGPIOInput           
00000889  GPIOPinTypeGPIOOutput          
000008d3  GPIOPinTypeUART                
UNDEFED   SHT$$INIT_ARRAY$$Base          
UNDEFED   SHT$$INIT_ARRAY$$Limit         
0000016d  SysCtlClockGet                 
0000039d  SysCtlClockSet                 
00000933  SysCtlDelay                    
00000809  SysCtlPeripheralEnable         
0000091f  UARTCharGet                    
00000929  UARTCharPut                    
000007c1  UARTConfigSetExpClk            
00000869  UARTDisable                    
000008e9  UARTEnable                     
20000200  __STACK_END                    
00000200  __STACK_SIZE                   
20000200  __STACK_TOP                    
00000a54  __TI_CINIT_Base                
00000a5c  __TI_CINIT_Limit               
00000a4c  __TI_Handler_Table_Base        
00000a54  __TI_Handler_Table_Limit       
000005a9  __TI_auto_init                 
20000200  __TI_cleanup_ptr               
00000619  __TI_decompress_lzss           
00000911  __TI_decompress_none           
20000204  __TI_dtors_ptr                 
20000208  __TI_enable_exit_profile_output
ffffffff  __TI_pprof_out_hndl            
ffffffff  __TI_prof_data_size            
ffffffff  __TI_prof_data_start           
00000000  __TI_static_base__             
0000052d  __aeabi_memclr                 
0000052d  __aeabi_memclr4                
0000052d  __aeabi_memclr8                
00000491  __aeabi_memcpy                 
00000491  __aeabi_memcpy4                
00000491  __aeabi_memcpy8                
0000052f  __aeabi_memset                 
0000052f  __aeabi_memset4                
0000052f  __aeabi_memset8                
ffffffff  __binit__                      
ffffffff  __c_args__                     
000005a7  __mpu_init                     
20000000  __stack                        
000008a5  _args_main                     
00000681  _c_int00                       
2000020c  _lock                          
0000090b  _nop                           
00000903  _register_lock                 
000008fd  _register_unlock               
00000807  _system_post_cinit             
00000939  _system_pre_init               
20000210  _unlock                        
000006d9  abort                          
ffffffff  binit                          
00000775  copy_in                        
000006e1  exit                           
00000285  main                           
20000214  main_func_sp                   
00000491  memcpy                         
00000535  memset                         


GLOBAL SYMBOLS: SORTED BY Symbol Address 

address   name                           
-------   ----                           
00000000  __TI_static_base__             
00000001  GPIOPadConfigSet               
0000016d  SysCtlClockGet                 
00000200  __STACK_SIZE                   
00000285  main                           
0000039d  SysCtlClockSet                 
00000491  __aeabi_memcpy                 
00000491  __aeabi_memcpy4                
00000491  __aeabi_memcpy8                
00000491  memcpy                         
0000052d  __aeabi_memclr                 
0000052d  __aeabi_memclr4                
0000052d  __aeabi_memclr8                
0000052f  __aeabi_memset                 
0000052f  __aeabi_memset4                
0000052f  __aeabi_memset8                
00000535  memset                         
000005a7  __mpu_init                     
000005a9  __TI_auto_init                 
00000619  __TI_decompress_lzss           
00000681  _c_int00                       
000006d5  C$$EXIT                        
000006d9  abort                          
000006e1  exit                           
00000729  GPIOPinConfigure               
00000775  copy_in                        
000007c1  UARTConfigSetExpClk            
00000807  _system_post_cinit             
00000809  SysCtlPeripheralEnable         
0000083d  GPIODirModeSet                 
00000869  UARTDisable                    
00000889  GPIOPinTypeGPIOOutput          
000008a5  _args_main                     
000008bd  GPIOPinTypeGPIOInput           
000008d3  GPIOPinTypeUART                
000008e9  UARTEnable                     
000008fd  _register_unlock               
00000903  _register_lock                 
0000090b  _nop                           
00000911  __TI_decompress_none           
0000091f  UARTCharGet                    
00000929  UARTCharPut                    
00000933  SysCtlDelay                    
00000939  _system_pre_init               
00000a4c  __TI_Handler_Table_Base        
00000a54  __TI_CINIT_Base                
00000a54  __TI_Handler_Table_Limit       
00000a5c  __TI_CINIT_Limit               
20000000  __stack                        
20000200  __STACK_END                    
20000200  __STACK_TOP                    
20000200  __TI_cleanup_ptr               
20000204  __TI_dtors_ptr                 
20000208  __TI_enable_exit_profile_output
2000020c  _lock                          
20000210  _unlock                        
20000214  main_func_sp                   
ffffffff  __TI_pprof_out_hndl            
ffffffff  __TI_prof_data_size            
ffffffff  __TI_prof_data_start           
ffffffff  __binit__                      
ffffffff  __c_args__                     
ffffffff  binit                          
UNDEFED   SHT$$INIT_ARRAY$$Base          
UNDEFED   SHT$$INIT_ARRAY$$Limit         

[65 symbols]
