******************************************************************************
                  TI ARM Linker PC v16.9.4                     
******************************************************************************
>> Linked Thu Sep 21 15:28:20 2023

OUTPUT FILE NAME:   <RTOS_1.out>
ENTRY POINT SYMBOL: "_c_int00"  address: 00000bd1


MEMORY CONFIGURATION

         name            origin    length      used     unused   attr    fill
----------------------  --------  ---------  --------  --------  ----  --------
  FLASH                 00000000   00040000  00000fe0  0003f020  R  X
  SRAM                  20000000   00008000  000005d8  00007a28  RW X


SEGMENT ALLOCATION MAP

run origin  load origin   length   init length attrs members
----------  ----------- ---------- ----------- ----- -------
00000000    00000000    00000fe0   00000fe0    r-x
  00000000    00000000    0000026c   0000026c    r-- .intvecs
  0000026c    0000026c    00000cec   00000cec    r-x .text
  00000f58    00000f58    00000030   00000030    r-- .const
  00000f88    00000f88    00000058   00000058    r-- .cinit
20000000    20000000    000005d8   00000000    rw-
  20000000    20000000    0000026c   00000000    rw- .vtable
  2000026c    2000026c    00000200   00000000    rw- .stack
  2000046c    2000046c    00000144   00000000    rw- .bss
  200005b0    200005b0    00000028   00000000    rw- .data


SECTION ALLOCATION MAP

 output                                  attributes/
section   page    origin      length       input sections
--------  ----  ----------  ----------   ----------------
.intvecs   0    00000000    0000026c     
                  00000000    0000026c     tm4c123gh6pm_startup_ccs.obj (.intvecs)

.text      0    0000026c    00000cec     
                  0000026c    00000608     main.obj (.text)
                  00000874    0000016c     driverlib.lib : gpio.obj (.text:GPIOPadConfigSet)
                  000009e0    0000009c     rtsv7M4_T_le_v4SPD16_eabi.lib : memcpy_t2.obj (.text)
                  00000a7c    0000007a                                   : memset_t2.obj (.text)
                  00000af6    00000002                                   : i_div0.obj (.text)
                  00000af8    00000070                                   : autoinit.obj (.text)
                  00000b68    00000068                                   : copy_decompress_lzss.obj (.text:decompress:lzss)
                  00000bd0    00000054                                   : boot.obj (.text)
                  00000c24    00000054                                   : exit.obj (.text)
                  00000c78    0000004c                                   : cpy_tbl.obj (.text)
                  00000cc4    00000046     driverlib.lib : uart.obj (.text:UARTConfigSetExpClk)
                  00000d0a    00000040     rtsv7M4_T_le_v4SPD16_eabi.lib : u_divt2.obj (.text)
                  00000d4a    00000002                                   : mpu_init.obj (.text)
                  00000d4c    00000038     driverlib.lib : sysctl.obj (.text:SysCtlPeripheralPresent)
                  00000d84    00000034                   : interrupt.obj (.text:IntRegister)
                  00000db8    00000034                   : sysctl.obj (.text:SysCtlPeripheralEnable)
                  00000dec    0000002c                   : gpio.obj (.text:GPIODirModeSet)
                  00000e18    00000020                   : uart.obj (.text:UARTDisable)
                  00000e38    0000001c                   : systick.obj (.text:SysTickIntRegister)
                  00000e54    0000001a                   : gpio.obj (.text:GPIOPinTypeGPIOOutput)
                  00000e6e    00000002     rtsv7M4_T_le_v4SPD16_eabi.lib : startup.obj (.text)
                  00000e70    00000018                                   : args_main.obj (.text)
                  00000e88    00000014     driverlib.lib : systick.obj (.text:SysTickEnable)
                  00000e9c    00000014                   : systick.obj (.text:SysTickIntEnable)
                  00000eb0    00000014                   : uart.obj (.text:UARTEnable)
                  00000ec4    00000014     rtsv7M4_T_le_v4SPD16_eabi.lib : _lock.obj (.text)
                  00000ed8    00000010     driverlib.lib : fpu.obj (.text:FPUDisable)
                  00000ee8    00000010                   : interrupt.obj (.text:IntMasterEnable)
                  00000ef8    00000010                   : systick.obj (.text:SysTickPeriodSet)
                  00000f08    0000000e     rtsv7M4_T_le_v4SPD16_eabi.lib : copy_decompress_none.obj (.text:decompress:none)
                  00000f16    0000000c     driverlib.lib : cpu.obj (.text:CPUcpsie)
                  00000f22    0000000c     rtsv7M4_T_le_v4SPD16_eabi.lib : copy_zero_init.obj (.text:decompress:ZI)
                  00000f2e    0000000c     tm4c123gh6pm_startup_ccs.obj (.text)
                  00000f3a    0000000a     driverlib.lib : uart.obj (.text:UARTCharGet)
                  00000f44    0000000a                   : uart.obj (.text:UARTCharPut)
                  00000f4e    00000006                   : gpio.obj (.text:GPIOPinWrite)
                  00000f54    00000004     rtsv7M4_T_le_v4SPD16_eabi.lib : pre_init.obj (.text)

.const     0    00000f58    00000030     
                  00000f58    00000012     main.obj (.const:.string)
                  00000f6a    00000002     --HOLE-- [fill = 0]
                  00000f6c    0000000c     main.obj (.const:g_ui32UARTBase)
                  00000f78    0000000c     main.obj (.const:g_ui32UARTPeriph)
                  00000f84    00000004     main.obj (.const)

.cinit     0    00000f88    00000058     
                  00000f88    0000001d     (.cinit..data.load) [load image, compression = lzss]
                  00000fa5    00000003     --HOLE-- [fill = 0]
                  00000fa8    0000000c     (__TI_handler_table)
                  00000fb4    00000004     --HOLE-- [fill = 0]
                  00000fb8    00000008     (.cinit..bss.load) [load image, compression = zero_init]
                  00000fc0    00000008     (.cinit..vtable.load) [load image, compression = zero_init]
                  00000fc8    00000018     (__TI_cinit_table)

.init_array 
*          0    00000000    00000000     UNINITIALIZED

.vtable    0    20000000    0000026c     UNINITIALIZED
                  20000000    0000026c     driverlib.lib : interrupt.obj (.vtable)

.stack     0    2000026c    00000200     UNINITIALIZED
                  2000026c    00000200     --HOLE--

.bss       0    2000046c    00000144     UNINITIALIZED
                  2000046c    000000a0     (.common:stack_BlueBlinky)
                  2000050c    000000a0     (.common:stack_RedBlinky)
                  200005ac    00000004     (.common:counter)

.data      0    200005b0    00000028     UNINITIALIZED
                  200005b0    0000000d     main.obj (.data)
                  200005bd    00000003     --HOLE--
                  200005c0    0000000c     rtsv7M4_T_le_v4SPD16_eabi.lib : exit.obj (.data:$O1$$)
                  200005cc    00000008                                   : _lock.obj (.data:$O1$$)
                  200005d4    00000004                                   : stkdepth_vars.obj (.data)

MODULE SUMMARY

       Module                         code   ro data   rw data
       ------                         ----   -------   -------
    .\
       main.obj                       1544   46        337    
       tm4c123gh6pm_startup_ccs.obj   12     620       0      
    +--+------------------------------+------+---------+---------+
       Total:                         1556   666       337    
                                                              
    C:/ti/TivaWare_C_Series-2.2.0.295/driverlib/ccs/Debug/driverlib.lib
       interrupt.obj                  68     0         620    
       gpio.obj                       440    0         0      
       uart.obj                       142    0         0      
       sysctl.obj                     108    0         0      
       systick.obj                    84     0         0      
       fpu.obj                        16     0         0      
       cpu.obj                        12     0         0      
    +--+------------------------------+------+---------+---------+
       Total:                         870    0         620    
                                                              
    C:\ti\ccsv7\tools\compiler\ti-cgt-arm_16.9.4.LTS\lib\rtsv7M4_T_le_v4SPD16_eabi.lib
       memcpy_t2.obj                  156    0         0      
       memset_t2.obj                  122    0         0      
       autoinit.obj                   112    0         0      
       copy_decompress_lzss.obj       104    0         0      
       exit.obj                       84     0         12     
       boot.obj                       84     0         0      
       cpy_tbl.obj                    76     0         0      
       u_divt2.obj                    64     0         0      
       _lock.obj                      20     0         8      
       args_main.obj                  24     0         0      
       copy_decompress_none.obj       14     0         0      
       copy_zero_init.obj             12     0         0      
       pre_init.obj                   4      0         0      
       stkdepth_vars.obj              0      0         4      
       i_div0.obj                     2      0         0      
       mpu_init.obj                   2      0         0      
       startup.obj                    2      0         0      
    +--+------------------------------+------+---------+---------+
       Total:                         882    0         24     
                                                              
       Stack:                         0      0         512    
       Linker Generated:              0      81        0      
    +--+------------------------------+------+---------+---------+
       Grand Total:                   3308   747       1493   


LINKER GENERATED COPY TABLES

__TI_cinit_table @ 00000fc8 records: 3, size/record: 8, table size: 24
	.data: load addr=00000f88, load size=0000001d bytes, run addr=200005b0, run size=00000028 bytes, compression=lzss
	.bss: load addr=00000fb8, load size=00000008 bytes, run addr=2000046c, run size=00000144 bytes, compression=zero_init
	.vtable: load addr=00000fc0, load size=00000008 bytes, run addr=20000000, run size=0000026c bytes, compression=zero_init


LINKER GENERATED HANDLER TABLE

__TI_handler_table @ 00000fa8 records: 3, size/record: 4, table size: 12
	index: 0, handler: __TI_zero_init
	index: 1, handler: __TI_decompress_lzss
	index: 2, handler: __TI_decompress_none


GLOBAL SYMBOLS: SORTED ALPHABETICALLY BY Name 

address   name                           
-------   ----                           
00000c25  C$$EXIT                        
00000f17  CPUcpsie                       
00000ed9  FPUDisable                     
00000ded  GPIODirModeSet                 
00000875  GPIOPadConfigSet               
00000e55  GPIOPinTypeGPIOOutput          
00000f4f  GPIOPinWrite                   
00000ee9  IntMasterEnable                
00000d85  IntRegister                    
00000f2f  ResetISR                       
UNDEFED   SHT$$INIT_ARRAY$$Base          
UNDEFED   SHT$$INIT_ARRAY$$Limit         
00000db9  SysCtlPeripheralEnable         
00000d4d  SysCtlPeripheralPresent        
00000e89  SysTickEnable                  
00000e9d  SysTickIntEnable               
00000e39  SysTickIntRegister             
00000ef9  SysTickPeriodSet               
00000703  Systick_Handler                
00000f3b  UARTCharGet                    
00000f45  UARTCharPut                    
00000cc5  UARTConfigSetExpClk            
00000e19  UARTDisable                    
00000eb1  UARTEnable                     
0000026d  UARTStdioConfig                
000003bd  UARTgetc                       
00000303  UARTgets                       
000006df  UARTprintf                     
000003e5  UARTvprintf                    
000002b3  UARTwrite                      
2000046c  __STACK_END                    
00000200  __STACK_SIZE                   
2000046c  __STACK_TOP                    
00000fc8  __TI_CINIT_Base                
00000fe0  __TI_CINIT_Limit               
00000fa8  __TI_Handler_Table_Base        
00000fb4  __TI_Handler_Table_Limit       
00000af9  __TI_auto_init                 
200005c0  __TI_cleanup_ptr               
00000b69  __TI_decompress_lzss           
00000f09  __TI_decompress_none           
200005c4  __TI_dtors_ptr                 
200005c8  __TI_enable_exit_profile_output
ffffffff  __TI_pprof_out_hndl            
ffffffff  __TI_prof_data_size            
ffffffff  __TI_prof_data_start           
00000000  __TI_static_base__             
00000f23  __TI_zero_init                 
00000af7  __aeabi_idiv0                  
00000a7d  __aeabi_memclr                 
00000a7d  __aeabi_memclr4                
00000a7d  __aeabi_memclr8                
000009e1  __aeabi_memcpy                 
000009e1  __aeabi_memcpy4                
000009e1  __aeabi_memcpy8                
00000a7f  __aeabi_memset                 
00000a7f  __aeabi_memset4                
00000a7f  __aeabi_memset8                
00000d0b  __aeabi_uidiv                  
00000d0b  __aeabi_uidivmod               
ffffffff  __binit__                      
ffffffff  __c_args__                     
00000d4b  __mpu_init                     
2000026c  __stack                        
00000e71  _args_main                     
00000bd1  _c_int00                       
200005cc  _lock                          
00000ed3  _nop                           
00000ecb  _register_lock                 
00000ec5  _register_unlock               
00000e6f  _system_post_cinit             
00000f55  _system_pre_init               
200005d0  _unlock                        
00000c29  abort                          
ffffffff  binit                          
00000c79  copy_in                        
200005ac  counter                        
00000c31  exit                           
20000000  g_pfnRAMVectors                
00000000  g_pfnVectors                   
000007ab  main                           
200005d4  main_func_sp                   
000009e1  memcpy                         
00000a85  memset                         
200005b8  sp_BlueBlinky                  
200005b4  sp_RedBlinky                   
2000046c  stack_BlueBlinky               
2000050c  stack_RedBlinky                
00000719  task1                          
00000761  task2                          


GLOBAL SYMBOLS: SORTED BY Symbol Address 

address   name                           
-------   ----                           
00000000  __TI_static_base__             
00000000  g_pfnVectors                   
00000200  __STACK_SIZE                   
0000026d  UARTStdioConfig                
000002b3  UARTwrite                      
00000303  UARTgets                       
000003bd  UARTgetc                       
000003e5  UARTvprintf                    
000006df  UARTprintf                     
00000703  Systick_Handler                
00000719  task1                          
00000761  task2                          
000007ab  main                           
00000875  GPIOPadConfigSet               
000009e1  __aeabi_memcpy                 
000009e1  __aeabi_memcpy4                
000009e1  __aeabi_memcpy8                
000009e1  memcpy                         
00000a7d  __aeabi_memclr                 
00000a7d  __aeabi_memclr4                
00000a7d  __aeabi_memclr8                
00000a7f  __aeabi_memset                 
00000a7f  __aeabi_memset4                
00000a7f  __aeabi_memset8                
00000a85  memset                         
00000af7  __aeabi_idiv0                  
00000af9  __TI_auto_init                 
00000b69  __TI_decompress_lzss           
00000bd1  _c_int00                       
00000c25  C$$EXIT                        
00000c29  abort                          
00000c31  exit                           
00000c79  copy_in                        
00000cc5  UARTConfigSetExpClk            
00000d0b  __aeabi_uidiv                  
00000d0b  __aeabi_uidivmod               
00000d4b  __mpu_init                     
00000d4d  SysCtlPeripheralPresent        
00000d85  IntRegister                    
00000db9  SysCtlPeripheralEnable         
00000ded  GPIODirModeSet                 
00000e19  UARTDisable                    
00000e39  SysTickIntRegister             
00000e55  GPIOPinTypeGPIOOutput          
00000e6f  _system_post_cinit             
00000e71  _args_main                     
00000e89  SysTickEnable                  
00000e9d  SysTickIntEnable               
00000eb1  UARTEnable                     
00000ec5  _register_unlock               
00000ecb  _register_lock                 
00000ed3  _nop                           
00000ed9  FPUDisable                     
00000ee9  IntMasterEnable                
00000ef9  SysTickPeriodSet               
00000f09  __TI_decompress_none           
00000f17  CPUcpsie                       
00000f23  __TI_zero_init                 
00000f2f  ResetISR                       
00000f3b  UARTCharGet                    
00000f45  UARTCharPut                    
00000f4f  GPIOPinWrite                   
00000f55  _system_pre_init               
00000fa8  __TI_Handler_Table_Base        
00000fb4  __TI_Handler_Table_Limit       
00000fc8  __TI_CINIT_Base                
00000fe0  __TI_CINIT_Limit               
20000000  g_pfnRAMVectors                
2000026c  __stack                        
2000046c  __STACK_END                    
2000046c  __STACK_TOP                    
2000046c  stack_BlueBlinky               
2000050c  stack_RedBlinky                
200005ac  counter                        
200005b4  sp_RedBlinky                   
200005b8  sp_BlueBlinky                  
200005c0  __TI_cleanup_ptr               
200005c4  __TI_dtors_ptr                 
200005c8  __TI_enable_exit_profile_output
200005cc  _lock                          
200005d0  _unlock                        
200005d4  main_func_sp                   
ffffffff  __TI_pprof_out_hndl            
ffffffff  __TI_prof_data_size            
ffffffff  __TI_prof_data_start           
ffffffff  __binit__                      
ffffffff  __c_args__                     
ffffffff  binit                          
UNDEFED   SHT$$INIT_ARRAY$$Base          
UNDEFED   SHT$$INIT_ARRAY$$Limit         

[90 symbols]
