******************************************************************************
                  TI ARM Linker PC v16.9.4                     
******************************************************************************
>> Linked Thu Sep 21 11:53:49 2023

OUTPUT FILE NAME:   <test bootloader.out>
ENTRY POINT SYMBOL: "_c_int00"  address: 000007d5


MEMORY CONFIGURATION

         name            origin    length      used     unused   attr    fill
----------------------  --------  ---------  --------  --------  ----  --------
  FLASH                 00000000   00040000  00000aec  0003f514  R  X
  SRAM                  20000000   00008000  00000220  00007de0  RW X


SEGMENT ALLOCATION MAP

run origin  load origin   length   init length attrs members
----------  ----------- ---------- ----------- ----- -------
00000000    00000000    00000aec   00000aec    r-x
  00000000    00000000    00000a98   00000a98    r-x .text
  00000a98    00000a98    00000030   00000030    r-- .const
  00000ac8    00000ac8    00000024   00000024    r-- .cinit
20000000    20000000    00000220   00000000    rw-
  20000000    20000000    00000200   00000000    rw- .stack
  20000200    20000200    00000020   00000000    rw- .data


SECTION ALLOCATION MAP

 output                                  attributes/
section   page    origin      length       input sections
--------  ----  ----------  ----------   ----------------
.text      0    00000000    00000a98     
                  00000000    000004f4     main.obj (.text)
                  000004f4    0000016c     driverlib.lib : gpio.obj (.text:GPIOPadConfigSet)
                  00000660    0000009c     rtsv7M4_T_le_v4SPD16_eabi.lib : memcpy_t2.obj (.text)
                  000006fc    00000070                                   : autoinit.obj (.text)
                  0000076c    00000068                                   : copy_decompress_lzss.obj (.text:decompress:lzss)
                  000007d4    00000054                                   : boot.obj (.text)
                  00000828    00000054                                   : exit.obj (.text)
                  0000087c    0000004c                                   : cpy_tbl.obj (.text)
                  000008c8    00000046     driverlib.lib : uart.obj (.text:UARTConfigSetExpClk)
                  0000090e    00000040     rtsv7M4_T_le_v4SPD16_eabi.lib : u_divt2.obj (.text)
                  0000094e    00000002                                   : i_div0.obj (.text)
                  00000950    00000038     driverlib.lib : sysctl.obj (.text:SysCtlPeripheralPresent)
                  00000988    00000034                   : sysctl.obj (.text:SysCtlPeripheralEnable)
                  000009bc    0000002c                   : gpio.obj (.text:GPIODirModeSet)
                  000009e8    00000020                   : uart.obj (.text:UARTDisable)
                  00000a08    0000001a                   : gpio.obj (.text:GPIOPinTypeGPIOOutput)
                  00000a22    00000002     rtsv7M4_T_le_v4SPD16_eabi.lib : mpu_init.obj (.text)
                  00000a24    00000018                                   : args_main.obj (.text)
                  00000a3c    00000014     driverlib.lib : uart.obj (.text:UARTEnable)
                  00000a50    00000014     rtsv7M4_T_le_v4SPD16_eabi.lib : _lock.obj (.text)
                  00000a64    0000000e                                   : copy_decompress_none.obj (.text:decompress:none)
                  00000a72    0000000a     driverlib.lib : uart.obj (.text:UARTCharGet)
                  00000a7c    0000000a                   : uart.obj (.text:UARTCharPut)
                  00000a86    00000006                   : gpio.obj (.text:GPIOPinWrite)
                  00000a8c    00000006                   : sysctl.obj (.text:SysCtlDelay)
                  00000a92    00000004     rtsv7M4_T_le_v4SPD16_eabi.lib : pre_init.obj (.text)
                  00000a96    00000002                                   : startup.obj (.text)

.const     0    00000a98    00000030     
                  00000a98    00000012     main.obj (.const:.string)
                  00000aaa    00000002     --HOLE-- [fill = 0]
                  00000aac    0000000c     main.obj (.const:g_ui32UARTBase)
                  00000ab8    0000000c     main.obj (.const:g_ui32UARTPeriph)
                  00000ac4    00000004     main.obj (.const)

.cinit     0    00000ac8    00000024     
                  00000ac8    00000011     (.cinit..data.load) [load image, compression = lzss]
                  00000ad9    00000003     --HOLE-- [fill = 0]
                  00000adc    00000008     (__TI_handler_table)
                  00000ae4    00000008     (__TI_cinit_table)

.init_array 
*          0    00000000    00000000     UNINITIALIZED

.stack     0    20000000    00000200     UNINITIALIZED
                  20000000    00000200     --HOLE--

.data      0    20000200    00000020     UNINITIALIZED
                  20000200    0000000c     rtsv7M4_T_le_v4SPD16_eabi.lib : exit.obj (.data:$O1$$)
                  2000020c    00000008                                   : _lock.obj (.data:$O1$$)
                  20000214    00000005     main.obj (.data)
                  20000219    00000003     --HOLE--
                  2000021c    00000004     rtsv7M4_T_le_v4SPD16_eabi.lib : stkdepth_vars.obj (.data)

MODULE SUMMARY

       Module                     code   ro data   rw data
       ------                     ----   -------   -------
    .\
       main.obj                   1268   46        5      
    +--+--------------------------+------+---------+---------+
       Total:                     1268   46        5      
                                                          
    C:/ti/TivaWare_C_Series-2.2.0.295/driverlib/ccs/Debug/driverlib.lib
       gpio.obj                   440    0         0      
       uart.obj                   142    0         0      
       sysctl.obj                 114    0         0      
    +--+--------------------------+------+---------+---------+
       Total:                     696    0         0      
                                                          
    C:\ti\ccsv7\tools\compiler\ti-cgt-arm_16.9.4.LTS\lib\rtsv7M4_T_le_v4SPD16_eabi.lib
       memcpy_t2.obj              156    0         0      
       autoinit.obj               112    0         0      
       copy_decompress_lzss.obj   104    0         0      
       exit.obj                   84     0         12     
       boot.obj                   84     0         0      
       cpy_tbl.obj                76     0         0      
       u_divt2.obj                64     0         0      
       _lock.obj                  20     0         8      
       args_main.obj              24     0         0      
       copy_decompress_none.obj   14     0         0      
       pre_init.obj               4      0         0      
       stkdepth_vars.obj          0      0         4      
       i_div0.obj                 2      0         0      
       mpu_init.obj               2      0         0      
       startup.obj                2      0         0      
    +--+--------------------------+------+---------+---------+
       Total:                     748    0         24     
                                                          
       Stack:                     0      0         512    
       Linker Generated:          0      33        0      
    +--+--------------------------+------+---------+---------+
       Grand Total:               2712   79        541    


LINKER GENERATED COPY TABLES

__TI_cinit_table @ 00000ae4 records: 1, size/record: 8, table size: 8
	.data: load addr=00000ac8, load size=00000011 bytes, run addr=20000200, run size=00000020 bytes, compression=lzss


LINKER GENERATED HANDLER TABLE

__TI_handler_table @ 00000adc records: 2, size/record: 4, table size: 8
	index: 0, handler: __TI_decompress_lzss
	index: 1, handler: __TI_decompress_none


GLOBAL SYMBOLS: SORTED ALPHABETICALLY BY Name 

address   name                           
-------   ----                           
00000829  C$$EXIT                        
000009bd  GPIODirModeSet                 
000004f5  GPIOPadConfigSet               
00000a09  GPIOPinTypeGPIOOutput          
00000a87  GPIOPinWrite                   
UNDEFED   SHT$$INIT_ARRAY$$Base          
UNDEFED   SHT$$INIT_ARRAY$$Limit         
00000a8d  SysCtlDelay                    
00000989  SysCtlPeripheralEnable         
00000951  SysCtlPeripheralPresent        
00000a73  UARTCharGet                    
00000a7d  UARTCharPut                    
000008c9  UARTConfigSetExpClk            
000009e9  UARTDisable                    
00000a3d  UARTEnable                     
00000001  UARTStdioConfig                
00000151  UARTgetc                       
00000097  UARTgets                       
00000473  UARTprintf                     
00000179  UARTvprintf                    
00000047  UARTwrite                      
20000200  __STACK_END                    
00000200  __STACK_SIZE                   
20000200  __STACK_TOP                    
00000ae4  __TI_CINIT_Base                
00000aec  __TI_CINIT_Limit               
00000adc  __TI_Handler_Table_Base        
00000ae4  __TI_Handler_Table_Limit       
000006fd  __TI_auto_init                 
20000200  __TI_cleanup_ptr               
0000076d  __TI_decompress_lzss           
00000a65  __TI_decompress_none           
20000204  __TI_dtors_ptr                 
20000208  __TI_enable_exit_profile_output
ffffffff  __TI_pprof_out_hndl            
ffffffff  __TI_prof_data_size            
ffffffff  __TI_prof_data_start           
00000000  __TI_static_base__             
0000094f  __aeabi_idiv0                  
00000661  __aeabi_memcpy                 
00000661  __aeabi_memcpy4                
00000661  __aeabi_memcpy8                
0000090f  __aeabi_uidiv                  
0000090f  __aeabi_uidivmod               
ffffffff  __binit__                      
ffffffff  __c_args__                     
00000a23  __mpu_init                     
20000000  __stack                        
00000a25  _args_main                     
000007d5  _c_int00                       
2000020c  _lock                          
00000a5f  _nop                           
00000a57  _register_lock                 
00000a51  _register_unlock               
00000a97  _system_post_cinit             
00000a93  _system_pre_init               
20000210  _unlock                        
0000082d  abort                          
ffffffff  binit                          
0000087d  copy_in                        
00000835  exit                           
00000497  main                           
2000021c  main_func_sp                   
00000661  memcpy                         


GLOBAL SYMBOLS: SORTED BY Symbol Address 

address   name                           
-------   ----                           
00000000  __TI_static_base__             
00000001  UARTStdioConfig                
00000047  UARTwrite                      
00000097  UARTgets                       
00000151  UARTgetc                       
00000179  UARTvprintf                    
00000200  __STACK_SIZE                   
00000473  UARTprintf                     
00000497  main                           
000004f5  GPIOPadConfigSet               
00000661  __aeabi_memcpy                 
00000661  __aeabi_memcpy4                
00000661  __aeabi_memcpy8                
00000661  memcpy                         
000006fd  __TI_auto_init                 
0000076d  __TI_decompress_lzss           
000007d5  _c_int00                       
00000829  C$$EXIT                        
0000082d  abort                          
00000835  exit                           
0000087d  copy_in                        
000008c9  UARTConfigSetExpClk            
0000090f  __aeabi_uidiv                  
0000090f  __aeabi_uidivmod               
0000094f  __aeabi_idiv0                  
00000951  SysCtlPeripheralPresent        
00000989  SysCtlPeripheralEnable         
000009bd  GPIODirModeSet                 
000009e9  UARTDisable                    
00000a09  GPIOPinTypeGPIOOutput          
00000a23  __mpu_init                     
00000a25  _args_main                     
00000a3d  UARTEnable                     
00000a51  _register_unlock               
00000a57  _register_lock                 
00000a5f  _nop                           
00000a65  __TI_decompress_none           
00000a73  UARTCharGet                    
00000a7d  UARTCharPut                    
00000a87  GPIOPinWrite                   
00000a8d  SysCtlDelay                    
00000a93  _system_pre_init               
00000a97  _system_post_cinit             
00000adc  __TI_Handler_Table_Base        
00000ae4  __TI_CINIT_Base                
00000ae4  __TI_Handler_Table_Limit       
00000aec  __TI_CINIT_Limit               
20000000  __stack                        
20000200  __STACK_END                    
20000200  __STACK_TOP                    
20000200  __TI_cleanup_ptr               
20000204  __TI_dtors_ptr                 
20000208  __TI_enable_exit_profile_output
2000020c  _lock                          
20000210  _unlock                        
2000021c  main_func_sp                   
ffffffff  __TI_pprof_out_hndl            
ffffffff  __TI_prof_data_size            
ffffffff  __TI_prof_data_start           
ffffffff  __binit__                      
ffffffff  __c_args__                     
ffffffff  binit                          
UNDEFED   SHT$$INIT_ARRAY$$Base          
UNDEFED   SHT$$INIT_ARRAY$$Limit         

[64 symbols]
