******************************************************************************
                  TI ARM Linker PC v16.9.4                     
******************************************************************************
>> Linked Fri Aug 25 09:12:35 2023

OUTPUT FILE NAME:   <StopWatch.out>
ENTRY POINT SYMBOL: "_c_int00"  address: 00000ec9


MEMORY CONFIGURATION

         name            origin    length      used     unused   attr    fill
----------------------  --------  ---------  --------  --------  ----  --------
  FLASH                 00000000   00040000  0000104a  0003efb6  R  X
  SRAM                  20000000   00008000  0000023b  00007dc5  RW X


SEGMENT ALLOCATION MAP

run origin  load origin   length   init length attrs members
----------  ----------- ---------- ----------- ----- -------
00000000    00000000    00001050   00001050    r-x
  00000000    00000000    0000026c   0000026c    r-- .intvecs
  0000026c    0000026c    00000da6   00000da6    r-x .text
  00001018    00001018    00000038   00000038    r-- .cinit
20000000    20000000    0000023d   00000000    rw-
  20000000    20000000    00000200   00000000    rw- .stack
  20000200    20000200    00000022   00000000    rw- .bss
  20000224    20000224    00000019   00000000    rw- .data


SECTION ALLOCATION MAP

 output                                  attributes/
section   page    origin      length       input sections
--------  ----  ----------  ----------   ----------------
.intvecs   0    00000000    0000026c     
                  00000000    0000026c     tm4c123gh6pm_startup_ccs.obj (.intvecs)

.text      0    0000026c    00000da6     
                  0000026c    00000220     main.obj (.text)
                  0000048c    000001f4     rtsv7M4_T_le_v4SPD16_eabi.lib : ull_div_t2.obj (.text)
                  00000680    000001c0     GPIO_program.obj (.text)
                  00000840    00000198     EXTI_program.obj (.text)
                  000009d8    0000018a     LCD_program.obj (.text)
                  00000b62    00000002     rtsv7M4_T_le_v4SPD16_eabi.lib : mpu_init.obj (.text)
                  00000b64    00000174     SYSTCK_program.obj (.text)
                  00000cd8    0000009c     rtsv7M4_T_le_v4SPD16_eabi.lib : memcpy_t2.obj (.text)
                  00000d74    0000007a                                   : memset_t2.obj (.text)
                  00000dee    00000002                                   : startup.obj (.text)
                  00000df0    00000070                                   : autoinit.obj (.text)
                  00000e60    00000068                                   : copy_decompress_lzss.obj (.text:decompress:lzss)
                  00000ec8    00000054                                   : boot.obj (.text)
                  00000f1c    00000054                                   : exit.obj (.text)
                  00000f70    0000004c                                   : cpy_tbl.obj (.text)
                  00000fbc    00000018                                   : args_main.obj (.text)
                  00000fd4    00000014                                   : _lock.obj (.text)
                  00000fe8    0000000e                                   : copy_decompress_none.obj (.text:decompress:none)
                  00000ff6    0000000c                                   : copy_zero_init.obj (.text:decompress:ZI)
                  00001002    0000000c     tm4c123gh6pm_startup_ccs.obj (.text)
                  0000100e    00000004     rtsv7M4_T_le_v4SPD16_eabi.lib : pre_init.obj (.text)

.cinit     0    00001018    00000038     
                  00001018    00000012     (.cinit..data.load) [load image, compression = lzss]
                  0000102a    00000002     --HOLE-- [fill = 0]
                  0000102c    0000000c     (__TI_handler_table)
                  00001038    00000008     (.cinit..bss.load) [load image, compression = zero_init]
                  00001040    00000010     (__TI_cinit_table)

.init_array 
*          0    00000000    00000000     UNINITIALIZED

.stack     0    20000000    00000200     UNINITIALIZED
                  20000000    00000200     --HOLE--

.bss       0    20000200    00000022     UNINITIALIZED
                  20000200    0000000c     (.common:Str_To_display)
                  2000020c    00000004     (.common:EXTI_CALLBACK)
                  20000210    00000008     (.common:time_passed)
                  20000218    00000004     (.common:SYSTICK_CallBack)
                  2000021c    00000001     (.common:hours)
                  2000021d    00000001     (.common:mins)
                  2000021e    00000001     (.common:secs)
                  2000021f    00000001     (.common:state)
                  20000220    00000001     (.common:switch1_pressed)
                  20000221    00000001     (.common:switch2_pressed)

.data      0    20000224    00000019     UNINITIALIZED
                  20000224    0000000c     rtsv7M4_T_le_v4SPD16_eabi.lib : exit.obj (.data:$O1$$)
                  20000230    00000008                                   : _lock.obj (.data:$O1$$)
                  20000238    00000004                                   : stkdepth_vars.obj (.data)
                  2000023c    00000001     SYSTCK_program.obj (.data)

MODULE SUMMARY

       Module                         code   ro data   rw data
       ------                         ----   -------   -------
    .\
       tm4c123gh6pm_startup_ccs.obj   12     620       0      
       main.obj                       544    0         26     
    +--+------------------------------+------+---------+---------+
       Total:                         556    620       26     
                                                              
    .\HAL\LCD\
       LCD_program.obj                394    0         0      
    +--+------------------------------+------+---------+---------+
       Total:                         394    0         0      
                                                              
    .\MCAL\EXTI\
       EXTI_program.obj               408    0         4      
    +--+------------------------------+------+---------+---------+
       Total:                         408    0         4      
                                                              
    .\MCAL\GPIO\
       GPIO_program.obj               448    0         0      
    +--+------------------------------+------+---------+---------+
       Total:                         448    0         0      
                                                              
    .\MCAL\SYSTCK\
       SYSTCK_program.obj             372    0         5      
    +--+------------------------------+------+---------+---------+
       Total:                         372    0         5      
                                                              
    C:\ti\ccsv7\tools\compiler\ti-cgt-arm_16.9.4.LTS\lib\rtsv7M4_T_le_v4SPD16_eabi.lib
       ull_div_t2.obj                 500    0         0      
       memcpy_t2.obj                  156    0         0      
       memset_t2.obj                  122    0         0      
       autoinit.obj                   112    0         0      
       copy_decompress_lzss.obj       104    0         0      
       exit.obj                       84     0         12     
       boot.obj                       84     0         0      
       cpy_tbl.obj                    76     0         0      
       _lock.obj                      20     0         8      
       args_main.obj                  24     0         0      
       copy_decompress_none.obj       14     0         0      
       copy_zero_init.obj             12     0         0      
       pre_init.obj                   4      0         0      
       stkdepth_vars.obj              0      0         4      
       mpu_init.obj                   2      0         0      
       startup.obj                    2      0         0      
    +--+------------------------------+------+---------+---------+
       Total:                         1316   0         24     
                                                              
       Stack:                         0      0         512    
       Linker Generated:              0      54        0      
    +--+------------------------------+------+---------+---------+
       Grand Total:                   3494   674       571    


LINKER GENERATED COPY TABLES

__TI_cinit_table @ 00001040 records: 2, size/record: 8, table size: 16
	.data: load addr=00001018, load size=00000012 bytes, run addr=20000224, run size=00000019 bytes, compression=lzss
	.bss: load addr=00001038, load size=00000008 bytes, run addr=20000200, run size=00000022 bytes, compression=zero_init


LINKER GENERATED HANDLER TABLE

__TI_handler_table @ 0000102c records: 3, size/record: 4, table size: 12
	index: 0, handler: __TI_decompress_lzss
	index: 1, handler: __TI_decompress_none
	index: 2, handler: __TI_zero_init


GLOBAL SYMBOLS: SORTED ALPHABETICALLY BY Name 

address   name                           
-------   ----                           
00000f1d  C$$EXIT                        
00000941  EXTICheckIntPin                
2000020c  EXTI_CALLBACK                  
00000841  EXTI_Init                      
00000985  EXTI_Set_Callback              
00000399  Fill_string                    
00000995  GPIOPortE_handler              
000009a5  GPIOPortF_handler              
00000681  GPIO_Init_Port                 
000007e3  GPIO_Read                      
000007a1  GPIO_Write                     
0000036b  Inc_Time                       
2000023c  IntMode                        
00000ac3  LCD_DisplayCharacter           
00000b33  LCD_DisplayString              
00000a1b  LCD_Init                       
00000a53  LCD_SendCommand                
00001003  ResetISR                       
UNDEFED   SHT$$INIT_ARRAY$$Base          
UNDEFED   SHT$$INIT_ARRAY$$Limit         
20000218  SYSTICK_CallBack               
20000200  Str_To_display                 
00000c83  SysTickHandler                 
00000c57  Systic_DelayBusyWait           
00000c6b  Systic_SEtDelayPeriodic        
00000c4d  Systick_GetCountFlag           
00000c3b  Systick_GetElapsedTime         
00000c47  Systick_GetRemainingTime       
00000b65  Systick_Init                   
00000b85  Systick_SetBusyWait            
00000be5  Systick_SetIntervalPeriodic    
00000bb3  Systick_SetIntervalSingle      
00000c19  Systick_StopInterval           
20000200  __STACK_END                    
00000200  __STACK_SIZE                   
20000200  __STACK_TOP                    
00001040  __TI_CINIT_Base                
00001050  __TI_CINIT_Limit               
0000102c  __TI_Handler_Table_Base        
00001038  __TI_Handler_Table_Limit       
00000df1  __TI_auto_init                 
20000224  __TI_cleanup_ptr               
00000e61  __TI_decompress_lzss           
00000fe9  __TI_decompress_none           
20000228  __TI_dtors_ptr                 
2000022c  __TI_enable_exit_profile_output
ffffffff  __TI_pprof_out_hndl            
ffffffff  __TI_prof_data_size            
ffffffff  __TI_prof_data_start           
00000000  __TI_static_base__             
00000ff7  __TI_zero_init                 
00000d75  __aeabi_memclr                 
00000d75  __aeabi_memclr4                
00000d75  __aeabi_memclr8                
00000cd9  __aeabi_memcpy                 
00000cd9  __aeabi_memcpy4                
00000cd9  __aeabi_memcpy8                
00000d77  __aeabi_memset                 
00000d77  __aeabi_memset4                
00000d77  __aeabi_memset8                
0000048d  __aeabi_uldivmod               
ffffffff  __binit__                      
ffffffff  __c_args__                     
00000b63  __mpu_init                     
20000000  __stack                        
00000fbd  _args_main                     
00000ec9  _c_int00                       
20000230  _lock                          
00000fe3  _nop                           
00000fdb  _register_lock                 
00000fd5  _register_unlock               
00000def  _system_post_cinit             
0000100f  _system_pre_init               
20000234  _unlock                        
00000f21  abort                          
ffffffff  binit                          
00000f71  copy_in                        
00000f29  exit                           
00000000  g_pfnVectors                   
2000021c  hours                          
0000026d  main                           
20000238  main_func_sp                   
00000cd9  memcpy                         
00000d7d  memset                         
2000021d  mins                           
2000021e  secs                           
2000021f  state                          
20000220  switch1_pressed                
20000221  switch2_pressed                
00000343  switches_press                 
20000210  time_passed                    


GLOBAL SYMBOLS: SORTED BY Symbol Address 

address   name                           
-------   ----                           
00000000  __TI_static_base__             
00000000  g_pfnVectors                   
00000200  __STACK_SIZE                   
0000026d  main                           
00000343  switches_press                 
0000036b  Inc_Time                       
00000399  Fill_string                    
0000048d  __aeabi_uldivmod               
00000681  GPIO_Init_Port                 
000007a1  GPIO_Write                     
000007e3  GPIO_Read                      
00000841  EXTI_Init                      
00000941  EXTICheckIntPin                
00000985  EXTI_Set_Callback              
00000995  GPIOPortE_handler              
000009a5  GPIOPortF_handler              
00000a1b  LCD_Init                       
00000a53  LCD_SendCommand                
00000ac3  LCD_DisplayCharacter           
00000b33  LCD_DisplayString              
00000b63  __mpu_init                     
00000b65  Systick_Init                   
00000b85  Systick_SetBusyWait            
00000bb3  Systick_SetIntervalSingle      
00000be5  Systick_SetIntervalPeriodic    
00000c19  Systick_StopInterval           
00000c3b  Systick_GetElapsedTime         
00000c47  Systick_GetRemainingTime       
00000c4d  Systick_GetCountFlag           
00000c57  Systic_DelayBusyWait           
00000c6b  Systic_SEtDelayPeriodic        
00000c83  SysTickHandler                 
00000cd9  __aeabi_memcpy                 
00000cd9  __aeabi_memcpy4                
00000cd9  __aeabi_memcpy8                
00000cd9  memcpy                         
00000d75  __aeabi_memclr                 
00000d75  __aeabi_memclr4                
00000d75  __aeabi_memclr8                
00000d77  __aeabi_memset                 
00000d77  __aeabi_memset4                
00000d77  __aeabi_memset8                
00000d7d  memset                         
00000def  _system_post_cinit             
00000df1  __TI_auto_init                 
00000e61  __TI_decompress_lzss           
00000ec9  _c_int00                       
00000f1d  C$$EXIT                        
00000f21  abort                          
00000f29  exit                           
00000f71  copy_in                        
00000fbd  _args_main                     
00000fd5  _register_unlock               
00000fdb  _register_lock                 
00000fe3  _nop                           
00000fe9  __TI_decompress_none           
00000ff7  __TI_zero_init                 
00001003  ResetISR                       
0000100f  _system_pre_init               
0000102c  __TI_Handler_Table_Base        
00001038  __TI_Handler_Table_Limit       
00001040  __TI_CINIT_Base                
00001050  __TI_CINIT_Limit               
20000000  __stack                        
20000200  Str_To_display                 
20000200  __STACK_END                    
20000200  __STACK_TOP                    
2000020c  EXTI_CALLBACK                  
20000210  time_passed                    
20000218  SYSTICK_CallBack               
2000021c  hours                          
2000021d  mins                           
2000021e  secs                           
2000021f  state                          
20000220  switch1_pressed                
20000221  switch2_pressed                
20000224  __TI_cleanup_ptr               
20000228  __TI_dtors_ptr                 
2000022c  __TI_enable_exit_profile_output
20000230  _lock                          
20000234  _unlock                        
20000238  main_func_sp                   
2000023c  IntMode                        
ffffffff  __TI_pprof_out_hndl            
ffffffff  __TI_prof_data_size            
ffffffff  __TI_prof_data_start           
ffffffff  __binit__                      
ffffffff  __c_args__                     
ffffffff  binit                          
UNDEFED   SHT$$INIT_ARRAY$$Base          
UNDEFED   SHT$$INIT_ARRAY$$Limit         

[91 symbols]
