******************************************************************************
                  TI ARM Linker PC v20.2.7                     
******************************************************************************
>> Linked Sat Sep 23 10:50:39 2023

OUTPUT FILE NAME:   <freeRTOS_task2.out>
ENTRY POINT SYMBOL: "_c_int00_noargs"  address: 00002db9


MEMORY CONFIGURATION

         name            origin    length      used     unused   attr    fill
----------------------  --------  ---------  --------  --------  ----  --------
  FLASH                 00000000   00040000  00002ea2  0003d15e  R  X
  SRAM                  20000000   00008000  0000797c  00000684  RW X


SEGMENT ALLOCATION MAP

run origin  load origin   length   init length attrs members
----------  ----------- ---------- ----------- ----- -------
00000000    00000000    00002ea8   00002ea8    r-x
  00000000    00000000    0000026c   0000026c    r-- .intvecs
  0000026c    0000026c    00002bfa   00002bfa    r-x .text
  00002e68    00002e68    00000004   00000004    r-- .const
  00002e70    00002e70    00000038   00000038    r-- .cinit
20000000    20000000    0000797c   00000000    rw-
  20000000    20000000    00007740   00000000    rw- .bss
  20007740    20007740    00000200   00000000    rw- .stack
  20007940    20007940    0000003c   00000000    rw- .data


SECTION ALLOCATION MAP

 output                                  attributes/
section   page    origin      length       input sections
--------  ----  ----------  ----------   ----------------
.intvecs   0    00000000    0000026c     
                  00000000    0000026c     tm4c123gh6pm_startup_ccs.obj (.intvecs)

.text      0    0000026c    00002bfa     
                  0000026c    00001768     tasks.obj (.text)
                  000019d4    00000988     queue.obj (.text)
                  0000235c    000001b8     heap_2.obj (.text)
                  00002514    0000016c     driverlib.lib : gpio.obj (.text:GPIOPadConfigSet)
                  00002680    0000012a     list.obj (.text)
                  000027aa    00000002     --HOLE-- [fill = 0]
                  000027ac    00000128     main.obj (.text)
                  000028d4    00000128     port.obj (.text)
                  000029fc    000000f4     driverlib.lib : sysctl.obj (.text:SysCtlClockSet)
                  00002af0    000000d2     portasm.obj (.text)
                  00002bc2    0000009c     rtsv7M4_T_le_v4SPD16_eabi.lib : memcpy_t2.asm.obj (.text)
                  00002c5e    0000007a                                   : memset_t2.asm.obj (.text)
                  00002cd8    00000068                                   : copy_decompress_lzss.c.obj (.text:decompress:lzss:__TI_decompress_lzss)
                  00002d40    00000044                                   : autoinit.c.obj (.text:__TI_auto_init_nobinit_nopinit:__TI_auto_init_nobinit_nopinit)
                  00002d84    00000034     driverlib.lib : sysctl.obj (.text:SysCtlPeripheralEnable)
                  00002db8    00000034     rtsv7M4_T_le_v4SPD16_eabi.lib : boot_cortex_m.c.obj (.text:_c_int00_noargs:_c_int00_noargs)
                  00002dec    0000002c     driverlib.lib : gpio.obj (.text:GPIODirModeSet)
                  00002e18    0000001a                   : gpio.obj (.text:GPIOPinTypeGPIOOutput)
                  00002e32    0000000e     rtsv7M4_T_le_v4SPD16_eabi.lib : copy_decompress_none.c.obj (.text:decompress:none:__TI_decompress_none)
                  00002e40    0000000c                                   : copy_zero_init.c.obj (.text:decompress:ZI:__TI_zero_init)
                  00002e4c    0000000c     tm4c123gh6pm_startup_ccs.obj (.text)
                  00002e58    00000006     driverlib.lib : sysctl.obj (.text:SysCtlDelay)
                  00002e5e    00000004     rtsv7M4_T_le_v4SPD16_eabi.lib : pre_init.c.obj (.text:_system_pre_init)
                  00002e62    00000004                                   : exit.c.obj (.text:abort:abort)

.const     0    00002e68    00000004     
                  00002e68    00000004     port.obj (.const)

.cinit     0    00002e70    00000038     
                  00002e70    0000000f     (.cinit..data.load) [load image, compression = lzss]
                  00002e7f    00000001     --HOLE-- [fill = 0]
                  00002e80    0000000c     (__TI_handler_table)
                  00002e8c    00000004     --HOLE-- [fill = 0]
                  00002e90    00000008     (.cinit..bss.load) [load image, compression = zero_init]
                  00002e98    00000010     (__TI_cinit_table)

.init_array 
*          0    00000000    00000000     UNINITIALIZED

.bss       0    20000000    00007740     UNINITIALIZED
                  20000000    00007530     heap_2.obj (.bss:ucHeap)
                  20007530    00000140     tasks.obj (.bss:pxReadyTasksLists)
                  20007670    00000050     (.common:xQueueRegistry)
                  200076c0    00000014     tasks.obj (.bss:xDelayedTaskList1)
                  200076d4    00000014     tasks.obj (.bss:xDelayedTaskList2)
                  200076e8    00000014     tasks.obj (.bss:xPendingReadyList)
                  200076fc    00000014     tasks.obj (.bss:xSuspendedTaskList)
                  20007710    00000014     tasks.obj (.bss:xTasksWaitingTermination)
                  20007724    00000008     tasks.obj (.bss)
                  2000772c    00000008     heap_2.obj (.bss:xEnd)
                  20007734    00000008     heap_2.obj (.bss:xStart)
                  2000773c    00000004     (.common:queueHandler)

.data      0    20007940    0000003c     UNINITIALIZED
                  20007940    00000030     tasks.obj (.data)
                  20007970    00000008     heap_2.obj (.data)
                  20007978    00000004     port.obj (.data)

.stack     0    20007740    00000200     UNINITIALIZED
                  20007740    00000004     rtsv7M4_T_le_v4SPD16_eabi.lib : boot_cortex_m.c.obj (.stack)
                  20007744    000001fc     --HOLE--

__llvm_prf_cnts 
*          0    20000000    00000000     UNINITIALIZED

MODULE SUMMARY

       Module                         code    ro data   rw data
       ------                         ----    -------   -------
    .\
       tasks.obj                      5992    0         476    
       queue.obj                      2440    0         80     
       tm4c123gh6pm_startup_ccs.obj   12      620       0      
       main.obj                       296     0         4      
       list.obj                       298     0         0      
    +--+------------------------------+-------+---------+---------+
       Total:                         9038    620       560    
                                                               
    .\portable\CCS\ARM_CM4F\
       port.obj                       296     4         4      
       portasm.obj                    210     0         0      
    +--+------------------------------+-------+---------+---------+
       Total:                         506     4         4      
                                                               
    .\portable\MemMang\
       heap_2.obj                     440     0         30024  
    +--+------------------------------+-------+---------+---------+
       Total:                         440     0         30024  
                                                               
    C:/ti/TivaWare_C_Series-2.2.0.295/driverlib/ccs/Debug/driverlib.lib
       gpio.obj                       434     0         0      
       sysctl.obj                     302     0         0      
    +--+------------------------------+-------+---------+---------+
       Total:                         736     0         0      
                                                               
    C:\ti\ccs1230\ccs\tools\compiler\ti-cgt-arm_20.2.7.LTS\lib\rtsv7M4_T_le_v4SPD16_eabi.lib
       memcpy_t2.asm.obj              156     0         0      
       memset_t2.asm.obj              122     0         0      
       copy_decompress_lzss.c.obj     104     0         0      
       autoinit.c.obj                 68      0         0      
       boot_cortex_m.c.obj            52      0         0      
       copy_decompress_none.c.obj     14      0         0      
       copy_zero_init.c.obj           12      0         0      
       exit.c.obj                     4       0         0      
       pre_init.c.obj                 4       0         0      
    +--+------------------------------+-------+---------+---------+
       Total:                         536     0         0      
                                                               
       Stack:                         0       0         512    
       Linker Generated:              0       51        0      
    +--+------------------------------+-------+---------+---------+
       Grand Total:                   11256   675       31100  


LINKER GENERATED COPY TABLES

__TI_cinit_table @ 00002e98 records: 2, size/record: 8, table size: 16
	.data: load addr=00002e70, load size=0000000f bytes, run addr=20007940, run size=0000003c bytes, compression=lzss
	.bss: load addr=00002e90, load size=00000008 bytes, run addr=20000000, run size=00007740 bytes, compression=zero_init


LINKER GENERATED HANDLER TABLE

__TI_handler_table @ 00002e80 records: 3, size/record: 4, table size: 12
	index: 0, handler: __TI_decompress_lzss
	index: 1, handler: __TI_decompress_none
	index: 2, handler: __TI_zero_init


GLOBAL SYMBOLS: SORTED ALPHABETICALLY BY Name 

address   name                             
-------   ----                             
00002e63  C$$EXIT                          
00002ded  GPIODirModeSet                   
00002515  GPIOPadConfigSet                 
00002e19  GPIOPinTypeGPIOOutput            
00002e4d  ResetISR                         
000027b7  Sender1                          
000027d7  Sender2                          
000029fd  SysCtlClockSet                   
00002e59  SysCtlDelay                      
00002d85  SysCtlPeripheralEnable           
20007940  __STACK_END                      
00000200  __STACK_SIZE                     
20007940  __STACK_TOP                      
00002e98  __TI_CINIT_Base                  
00002ea8  __TI_CINIT_Limit                 
00002e80  __TI_Handler_Table_Base          
00002e8c  __TI_Handler_Table_Limit         
00002d41  __TI_auto_init_nobinit_nopinit   
00002cd9  __TI_decompress_lzss             
00002e33  __TI_decompress_none             
ffffffff  __TI_pprof_out_hndl              
ffffffff  __TI_prof_data_size              
ffffffff  __TI_prof_data_start             
00000000  __TI_static_base__               
00002e41  __TI_zero_init                   
00002c5f  __aeabi_memclr                   
00002c5f  __aeabi_memclr4                  
00002c5f  __aeabi_memclr8                  
00002bc3  __aeabi_memcpy                   
00002bc3  __aeabi_memcpy4                  
00002bc3  __aeabi_memcpy8                  
00002c61  __aeabi_memset                   
00002c61  __aeabi_memset4                  
00002c61  __aeabi_memset8                  
ffffffff  __binit__                        
ffffffff  __c_args__                       
UNDEFED   __mpu_init                       
20007740  __stack                          
20000000  __start___llvm_prf_cnts          
20000000  __stop___llvm_prf_cnts           
00002db9  _c_int00_noargs                  
UNDEFED   _system_post_cinit               
00002e5f  _system_pre_init                 
00002e63  abort                            
ffffffff  binit                            
00000000  g_pfnVectors                     
00002809  main                             
00002bc3  memcpy                           
00002c67  memset                           
0000235d  pvPortMalloc                     
00001521  pvTaskIncrementMutexHeldCount    
20007940  pxCurrentTCB                     
000028d5  pxPortInitialiseStack            
2000773c  queueHandler                     
000027f7  receive                          
000020c9  ucQueueGetQueueType              
00002e68  ulMaxSyscallInterruptPriority    
00002b01  ulPortGetIPSR                    
00001539  ulTaskNotifyTake                 
00002763  uxListRemove                     
000020a9  uxQueueGetQueueNumber            
0000204b  uxQueueMessagesWaiting           
00002081  uxQueueMessagesWaitingFromISR    
00002061  uxQueueSpacesAvailable           
00000a49  uxTaskGetNumberOfTasks           
000012fd  uxTaskGetStackHighWaterMark      
00000a55  uxTaskGetSystemState             
00000f6d  uxTaskGetTaskNumber              
00000523  uxTaskPriorityGet                
00000551  uxTaskPriorityGetFromISR         
000014ff  uxTaskResetEventItemValue        
000027ad  vApplicationStackOverflowHook    
00002681  vListInitialise                  
000026b1  vListInitialiseItem              
000026fd  vListInsert                      
000026c1  vListInsertEnd                   
00002bb5  vPortEnableVFP                   
00002971  vPortEndScheduler                
00002973  vPortEnterCritical               
00002993  vPortExitCritical                
00002455  vPortFree                        
000024b9  vPortInitialiseBlocks            
00002b79  vPortSVCHandler                  
000029cf  vPortSetupTimerInterrupt         
00002b99  vPortStartFirstTask              
000022d9  vQueueAddToRegistry              
00002093  vQueueDelete                     
000020b7  vQueueSetQueueNumber             
0000231b  vQueueUnregisterQueue            
000004c7  vTaskDelay                       
0000041f  vTaskDelayUntil                  
00000383  vTaskDelete                      
00000919  vTaskEndScheduler                
00000f5b  vTaskMissedYield                 
000018dd  vTaskNotifyGiveFromISR           
00000cf9  vTaskPlaceOnEventList            
00000d61  vTaskPlaceOnUnorderedEventList   
000013a9  vTaskPriorityInherit             
000005a9  vTaskPrioritySet                 
000007af  vTaskResume                      
00000f8d  vTaskSetTaskNumber               
00000ec3  vTaskSetTimeOutState             
000008c1  vTaskStartScheduler              
000006bd  vTaskSuspend                     
00000935  vTaskSuspendAll                  
00000c4d  vTaskSwitchContext               
000024b3  xPortGetFreeHeapSize             
00002b19  xPortPendSVHandler               
0000293b  xPortStartScheduler              
000029a9  xPortSysTickHandler              
00001ae1  xQueueCreateMutex                
00001a71  xQueueGenericCreate              
00001e0f  xQueueGenericReceive             
000019d5  xQueueGenericReset               
00001bdd  xQueueGenericSend                
00001d03  xQueueGenericSendFromISR         
00001d8f  xQueueGiveFromISR                
00001b57  xQueueGiveMutexRecursive         
00002275  xQueueIsQueueEmptyFromISR        
000022b7  xQueueIsQueueFullFromISR         
00001ff9  xQueuePeekFromISR                
00001f73  xQueueReceiveFromISR             
20007670  xQueueRegistry                   
00001b93  xQueueTakeMutexRecursive         
00000ee1  xTaskCheckForTimeOut             
0000026d  xTaskGenericCreate               
000016e3  xTaskGenericNotify               
000017d5  xTaskGenericNotifyFromISR        
0000138b  xTaskGetCurrentTaskHandle        
00000a21  xTaskGetTickCount                
00000a31  xTaskGetTickCountFromISR         
00000b29  xTaskIncrementTick               
00001983  xTaskNotifyStateClear            
000015fd  xTaskNotifyWait                  
00001463  xTaskPriorityDisinherit          
00000dd5  xTaskRemoveFromEventList         
00000e51  xTaskRemoveFromUnorderedEventList
0000094d  xTaskResumeAll                   
00000831  xTaskResumeFromISR               


GLOBAL SYMBOLS: SORTED BY Symbol Address 

address   name                             
-------   ----                             
00000000  __TI_static_base__               
00000000  g_pfnVectors                     
00000200  __STACK_SIZE                     
0000026d  xTaskGenericCreate               
00000383  vTaskDelete                      
0000041f  vTaskDelayUntil                  
000004c7  vTaskDelay                       
00000523  uxTaskPriorityGet                
00000551  uxTaskPriorityGetFromISR         
000005a9  vTaskPrioritySet                 
000006bd  vTaskSuspend                     
000007af  vTaskResume                      
00000831  xTaskResumeFromISR               
000008c1  vTaskStartScheduler              
00000919  vTaskEndScheduler                
00000935  vTaskSuspendAll                  
0000094d  xTaskResumeAll                   
00000a21  xTaskGetTickCount                
00000a31  xTaskGetTickCountFromISR         
00000a49  uxTaskGetNumberOfTasks           
00000a55  uxTaskGetSystemState             
00000b29  xTaskIncrementTick               
00000c4d  vTaskSwitchContext               
00000cf9  vTaskPlaceOnEventList            
00000d61  vTaskPlaceOnUnorderedEventList   
00000dd5  xTaskRemoveFromEventList         
00000e51  xTaskRemoveFromUnorderedEventList
00000ec3  vTaskSetTimeOutState             
00000ee1  xTaskCheckForTimeOut             
00000f5b  vTaskMissedYield                 
00000f6d  uxTaskGetTaskNumber              
00000f8d  vTaskSetTaskNumber               
000012fd  uxTaskGetStackHighWaterMark      
0000138b  xTaskGetCurrentTaskHandle        
000013a9  vTaskPriorityInherit             
00001463  xTaskPriorityDisinherit          
000014ff  uxTaskResetEventItemValue        
00001521  pvTaskIncrementMutexHeldCount    
00001539  ulTaskNotifyTake                 
000015fd  xTaskNotifyWait                  
000016e3  xTaskGenericNotify               
000017d5  xTaskGenericNotifyFromISR        
000018dd  vTaskNotifyGiveFromISR           
00001983  xTaskNotifyStateClear            
000019d5  xQueueGenericReset               
00001a71  xQueueGenericCreate              
00001ae1  xQueueCreateMutex                
00001b57  xQueueGiveMutexRecursive         
00001b93  xQueueTakeMutexRecursive         
00001bdd  xQueueGenericSend                
00001d03  xQueueGenericSendFromISR         
00001d8f  xQueueGiveFromISR                
00001e0f  xQueueGenericReceive             
00001f73  xQueueReceiveFromISR             
00001ff9  xQueuePeekFromISR                
0000204b  uxQueueMessagesWaiting           
00002061  uxQueueSpacesAvailable           
00002081  uxQueueMessagesWaitingFromISR    
00002093  vQueueDelete                     
000020a9  uxQueueGetQueueNumber            
000020b7  vQueueSetQueueNumber             
000020c9  ucQueueGetQueueType              
00002275  xQueueIsQueueEmptyFromISR        
000022b7  xQueueIsQueueFullFromISR         
000022d9  vQueueAddToRegistry              
0000231b  vQueueUnregisterQueue            
0000235d  pvPortMalloc                     
00002455  vPortFree                        
000024b3  xPortGetFreeHeapSize             
000024b9  vPortInitialiseBlocks            
00002515  GPIOPadConfigSet                 
00002681  vListInitialise                  
000026b1  vListInitialiseItem              
000026c1  vListInsertEnd                   
000026fd  vListInsert                      
00002763  uxListRemove                     
000027ad  vApplicationStackOverflowHook    
000027b7  Sender1                          
000027d7  Sender2                          
000027f7  receive                          
00002809  main                             
000028d5  pxPortInitialiseStack            
0000293b  xPortStartScheduler              
00002971  vPortEndScheduler                
00002973  vPortEnterCritical               
00002993  vPortExitCritical                
000029a9  xPortSysTickHandler              
000029cf  vPortSetupTimerInterrupt         
000029fd  SysCtlClockSet                   
00002b01  ulPortGetIPSR                    
00002b19  xPortPendSVHandler               
00002b79  vPortSVCHandler                  
00002b99  vPortStartFirstTask              
00002bb5  vPortEnableVFP                   
00002bc3  __aeabi_memcpy                   
00002bc3  __aeabi_memcpy4                  
00002bc3  __aeabi_memcpy8                  
00002bc3  memcpy                           
00002c5f  __aeabi_memclr                   
00002c5f  __aeabi_memclr4                  
00002c5f  __aeabi_memclr8                  
00002c61  __aeabi_memset                   
00002c61  __aeabi_memset4                  
00002c61  __aeabi_memset8                  
00002c67  memset                           
00002cd9  __TI_decompress_lzss             
00002d41  __TI_auto_init_nobinit_nopinit   
00002d85  SysCtlPeripheralEnable           
00002db9  _c_int00_noargs                  
00002ded  GPIODirModeSet                   
00002e19  GPIOPinTypeGPIOOutput            
00002e33  __TI_decompress_none             
00002e41  __TI_zero_init                   
00002e4d  ResetISR                         
00002e59  SysCtlDelay                      
00002e5f  _system_pre_init                 
00002e63  C$$EXIT                          
00002e63  abort                            
00002e68  ulMaxSyscallInterruptPriority    
00002e80  __TI_Handler_Table_Base          
00002e8c  __TI_Handler_Table_Limit         
00002e98  __TI_CINIT_Base                  
00002ea8  __TI_CINIT_Limit                 
20000000  __start___llvm_prf_cnts          
20000000  __stop___llvm_prf_cnts           
20007670  xQueueRegistry                   
2000773c  queueHandler                     
20007740  __stack                          
20007940  __STACK_END                      
20007940  __STACK_TOP                      
20007940  pxCurrentTCB                     
ffffffff  __TI_pprof_out_hndl              
ffffffff  __TI_prof_data_size              
ffffffff  __TI_prof_data_start             
ffffffff  __binit__                        
ffffffff  __c_args__                       
ffffffff  binit                            
UNDEFED   __mpu_init                       
UNDEFED   _system_post_cinit               

[139 symbols]
