******************************************************************************
                  TI ARM Linker PC v20.2.7                     
******************************************************************************
>> Linked Fri Sep 22 23:06:38 2023

OUTPUT FILE NAME:   <freeRTOS_template.out>
ENTRY POINT SYMBOL: "_c_int00_noargs"  address: 0000244d


MEMORY CONFIGURATION

         name            origin    length      used     unused   attr    fill
----------------------  --------  ---------  --------  --------  ----  --------
  FLASH                 00000000   00040000  0000253c  0003dac4  R  X
  SRAM                  20000000   00008000  00007928  000006d8  RW X


SEGMENT ALLOCATION MAP

run origin  load origin   length   init length attrs members
----------  ----------- ---------- ----------- ----- -------
00000000    00000000    00002540   00002540    r-x
  00000000    00000000    0000026c   0000026c    r-- .intvecs
  0000026c    0000026c    00002294   00002294    r-x .text
  00002500    00002500    00000004   00000004    r-- .const
  00002508    00002508    00000038   00000038    r-- .cinit
20000000    20000000    0000792c   00000000    rw-
  20000000    20000000    000076ec   00000000    rw- .bss
  200076f0    200076f0    00000200   00000000    rw- .stack
  200078f0    200078f0    0000003c   00000000    rw- .data


SECTION ALLOCATION MAP

 output                                  attributes/
section   page    origin      length       input sections
--------  ----  ----------  ----------   ----------------
.intvecs   0    00000000    0000026c     
                  00000000    0000026c     tm4c123gh6pm_startup_ccs.obj (.intvecs)

.text      0    0000026c    00002294     
                  0000026c    00001768     tasks.obj (.text)
                  000019d4    000001b8     heap_2.obj (.text)
                  00001b8c    0000016c     driverlib.lib : gpio.obj (.text:GPIOPadConfigSet)
                  00001cf8    00000144     main.obj (.text)
                  00001e3c    0000012a     list.obj (.text)
                  00001f66    00000002     --HOLE-- [fill = 0]
                  00001f68    00000128     port.obj (.text)
                  00002090    000000f4     driverlib.lib : sysctl.obj (.text:SysCtlClockSet)
                  00002184    000000d2     portasm.obj (.text)
                  00002256    0000009c     rtsv7M4_T_le_v4SPD16_eabi.lib : memcpy_t2.asm.obj (.text)
                  000022f2    0000007a                                   : memset_t2.asm.obj (.text)
                  0000236c    00000068                                   : copy_decompress_lzss.c.obj (.text:decompress:lzss:__TI_decompress_lzss)
                  000023d4    00000044                                   : autoinit.c.obj (.text:__TI_auto_init_nobinit_nopinit:__TI_auto_init_nobinit_nopinit)
                  00002418    00000034     driverlib.lib : sysctl.obj (.text:SysCtlPeripheralEnable)
                  0000244c    00000034     rtsv7M4_T_le_v4SPD16_eabi.lib : boot_cortex_m.c.obj (.text:_c_int00_noargs:_c_int00_noargs)
                  00002480    0000002c     driverlib.lib : gpio.obj (.text:GPIODirModeSet)
                  000024ac    0000001a                   : gpio.obj (.text:GPIOPinTypeGPIOOutput)
                  000024c6    0000000e     rtsv7M4_T_le_v4SPD16_eabi.lib : copy_decompress_none.c.obj (.text:decompress:none:__TI_decompress_none)
                  000024d4    0000000c                                   : copy_zero_init.c.obj (.text:decompress:ZI:__TI_zero_init)
                  000024e0    0000000c     tm4c123gh6pm_startup_ccs.obj (.text)
                  000024ec    00000006     driverlib.lib : gpio.obj (.text:GPIOPinWrite)
                  000024f2    00000006                   : sysctl.obj (.text:SysCtlDelay)
                  000024f8    00000004     rtsv7M4_T_le_v4SPD16_eabi.lib : pre_init.c.obj (.text:_system_pre_init)
                  000024fc    00000004                                   : exit.c.obj (.text:abort:abort)

.const     0    00002500    00000004     
                  00002500    00000004     port.obj (.const)

.cinit     0    00002508    00000038     
                  00002508    0000000f     (.cinit..data.load) [load image, compression = lzss]
                  00002517    00000001     --HOLE-- [fill = 0]
                  00002518    0000000c     (__TI_handler_table)
                  00002524    00000004     --HOLE-- [fill = 0]
                  00002528    00000008     (.cinit..bss.load) [load image, compression = zero_init]
                  00002530    00000010     (__TI_cinit_table)

.init_array 
*          0    00000000    00000000     UNINITIALIZED

.bss       0    20000000    000076ec     UNINITIALIZED
                  20000000    00007530     heap_2.obj (.bss:ucHeap)
                  20007530    00000140     tasks.obj (.bss:pxReadyTasksLists)
                  20007670    00000014     tasks.obj (.bss:xDelayedTaskList1)
                  20007684    00000014     tasks.obj (.bss:xDelayedTaskList2)
                  20007698    00000014     tasks.obj (.bss:xPendingReadyList)
                  200076ac    00000014     tasks.obj (.bss:xSuspendedTaskList)
                  200076c0    00000014     tasks.obj (.bss:xTasksWaitingTermination)
                  200076d4    00000008     tasks.obj (.bss)
                  200076dc    00000008     heap_2.obj (.bss:xEnd)
                  200076e4    00000008     heap_2.obj (.bss:xStart)

.data      0    200078f0    0000003c     UNINITIALIZED
                  200078f0    00000030     tasks.obj (.data)
                  20007920    00000008     heap_2.obj (.data)
                  20007928    00000004     port.obj (.data)

.stack     0    200076f0    00000200     UNINITIALIZED
                  200076f0    00000004     rtsv7M4_T_le_v4SPD16_eabi.lib : boot_cortex_m.c.obj (.stack)
                  200076f4    000001fc     --HOLE--

__llvm_prf_cnts 
*          0    20000000    00000000     UNINITIALIZED

MODULE SUMMARY

       Module                         code   ro data   rw data
       ------                         ----   -------   -------
    .\
       tasks.obj                      5992   0         476    
       tm4c123gh6pm_startup_ccs.obj   12     620       0      
       main.obj                       324    0         0      
       list.obj                       298    0         0      
    +--+------------------------------+------+---------+---------+
       Total:                         6626   620       476    
                                                              
    .\portable\CCS\ARM_CM4F\
       port.obj                       296    4         4      
       portasm.obj                    210    0         0      
    +--+------------------------------+------+---------+---------+
       Total:                         506    4         4      
                                                              
    .\portable\MemMang\
       heap_2.obj                     440    0         30024  
    +--+------------------------------+------+---------+---------+
       Total:                         440    0         30024  
                                                              
    C:/ti/TivaWare_C_Series-2.2.0.295/driverlib/ccs/Debug/driverlib.lib
       gpio.obj                       440    0         0      
       sysctl.obj                     302    0         0      
    +--+------------------------------+------+---------+---------+
       Total:                         742    0         0      
                                                              
    C:\ti\ccs1230\ccs\tools\compiler\ti-cgt-arm_20.2.7.LTS\lib\rtsv7M4_T_le_v4SPD16_eabi.lib
       memcpy_t2.asm.obj              156    0         0      
       memset_t2.asm.obj              122    0         0      
       copy_decompress_lzss.c.obj     104    0         0      
       autoinit.c.obj                 68     0         0      
       boot_cortex_m.c.obj            52     0         0      
       copy_decompress_none.c.obj     14     0         0      
       copy_zero_init.c.obj           12     0         0      
       exit.c.obj                     4      0         0      
       pre_init.c.obj                 4      0         0      
    +--+------------------------------+------+---------+---------+
       Total:                         536    0         0      
                                                              
       Stack:                         0      0         512    
       Linker Generated:              0      51        0      
    +--+------------------------------+------+---------+---------+
       Grand Total:                   8850   675       31016  


LINKER GENERATED COPY TABLES

__TI_cinit_table @ 00002530 records: 2, size/record: 8, table size: 16
	.data: load addr=00002508, load size=0000000f bytes, run addr=200078f0, run size=0000003c bytes, compression=lzss
	.bss: load addr=00002528, load size=00000008 bytes, run addr=20000000, run size=000076ec bytes, compression=zero_init


LINKER GENERATED HANDLER TABLE

__TI_handler_table @ 00002518 records: 3, size/record: 4, table size: 12
	index: 0, handler: __TI_decompress_lzss
	index: 1, handler: __TI_decompress_none
	index: 2, handler: __TI_zero_init


GLOBAL SYMBOLS: SORTED ALPHABETICALLY BY Name 

address   name                             
-------   ----                             
00001d2b  BLUE                             
000024fd  C$$EXIT                          
00002481  GPIODirModeSet                   
00001b8d  GPIOPadConfigSet                 
000024ad  GPIOPinTypeGPIOOutput            
000024ed  GPIOPinWrite                     
00001d53  GREEN                            
00001d03  RED                              
000024e1  ResetISR                         
00002091  SysCtlClockSet                   
000024f3  SysCtlDelay                      
00002419  SysCtlPeripheralEnable           
200078f0  __STACK_END                      
00000200  __STACK_SIZE                     
200078f0  __STACK_TOP                      
00002530  __TI_CINIT_Base                  
00002540  __TI_CINIT_Limit                 
00002518  __TI_Handler_Table_Base          
00002524  __TI_Handler_Table_Limit         
000023d5  __TI_auto_init_nobinit_nopinit   
0000236d  __TI_decompress_lzss             
000024c7  __TI_decompress_none             
ffffffff  __TI_pprof_out_hndl              
ffffffff  __TI_prof_data_size              
ffffffff  __TI_prof_data_start             
00000000  __TI_static_base__               
000024d5  __TI_zero_init                   
000022f3  __aeabi_memclr                   
000022f3  __aeabi_memclr4                  
000022f3  __aeabi_memclr8                  
00002257  __aeabi_memcpy                   
00002257  __aeabi_memcpy4                  
00002257  __aeabi_memcpy8                  
000022f5  __aeabi_memset                   
000022f5  __aeabi_memset4                  
000022f5  __aeabi_memset8                  
ffffffff  __binit__                        
ffffffff  __c_args__                       
UNDEFED   __mpu_init                       
200076f0  __stack                          
20000000  __start___llvm_prf_cnts          
20000000  __stop___llvm_prf_cnts           
0000244d  _c_int00_noargs                  
UNDEFED   _system_post_cinit               
000024f9  _system_pre_init                 
000024fd  abort                            
ffffffff  binit                            
00000000  g_pfnVectors                     
00001d7b  main                             
00002257  memcpy                           
000022fb  memset                           
000019d5  pvPortMalloc                     
00001521  pvTaskIncrementMutexHeldCount    
200078f0  pxCurrentTCB                     
00001f69  pxPortInitialiseStack            
00002500  ulMaxSyscallInterruptPriority    
00002195  ulPortGetIPSR                    
00001539  ulTaskNotifyTake                 
00001f1f  uxListRemove                     
00000a49  uxTaskGetNumberOfTasks           
000012fd  uxTaskGetStackHighWaterMark      
00000a55  uxTaskGetSystemState             
00000f6d  uxTaskGetTaskNumber              
00000523  uxTaskPriorityGet                
00000551  uxTaskPriorityGetFromISR         
000014ff  uxTaskResetEventItemValue        
00001cf9  vApplicationStackOverflowHook    
00001e3d  vListInitialise                  
00001e6d  vListInitialiseItem              
00001eb9  vListInsert                      
00001e7d  vListInsertEnd                   
00002249  vPortEnableVFP                   
00002005  vPortEndScheduler                
00002007  vPortEnterCritical               
00002027  vPortExitCritical                
00001acd  vPortFree                        
00001b31  vPortInitialiseBlocks            
0000220d  vPortSVCHandler                  
00002063  vPortSetupTimerInterrupt         
0000222d  vPortStartFirstTask              
000004c7  vTaskDelay                       
0000041f  vTaskDelayUntil                  
00000383  vTaskDelete                      
00000919  vTaskEndScheduler                
00000f5b  vTaskMissedYield                 
000018dd  vTaskNotifyGiveFromISR           
00000cf9  vTaskPlaceOnEventList            
00000d61  vTaskPlaceOnUnorderedEventList   
000013a9  vTaskPriorityInherit             
000005a9  vTaskPrioritySet                 
000007af  vTaskResume                      
00000f8d  vTaskSetTaskNumber               
00000ec3  vTaskSetTimeOutState             
000008c1  vTaskStartScheduler              
000006bd  vTaskSuspend                     
00000935  vTaskSuspendAll                  
00000c4d  vTaskSwitchContext               
00001b2b  xPortGetFreeHeapSize             
000021ad  xPortPendSVHandler               
00001fcf  xPortStartScheduler              
0000203d  xPortSysTickHandler              
00000ee1  xTaskCheckForTimeOut             
0000026d  xTaskGenericCreate               
000016e3  xTaskGenericNotify               
000017d5  xTaskGenericNotifyFromISR        
0000138b  xTaskGetCurrentTaskHandle        
00000a21  xTaskGetTickCount                
00000a31  xTaskGetTickCountFromISR         
00000b29  xTaskIncrementTick               
00001983  xTaskNotifyStateClear            
000015fd  xTaskNotifyWait                  
00001463  xTaskPriorityDisinherit          
00000dd5  xTaskRemoveFromEventList         
00000e51  xTaskRemoveFromUnorderedEventList
0000094d  xTaskResumeAll                   
00000831  xTaskResumeFromISR               


GLOBAL SYMBOLS: SORTED BY Symbol Address 

address   name                             
-------   ----                             
00000000  __TI_static_base__               
00000000  g_pfnVectors                     
00000200  __STACK_SIZE                     
0000026d  xTaskGenericCreate               
00000383  vTaskDelete                      
0000041f  vTaskDelayUntil                  
000004c7  vTaskDelay                       
00000523  uxTaskPriorityGet                
00000551  uxTaskPriorityGetFromISR         
000005a9  vTaskPrioritySet                 
000006bd  vTaskSuspend                     
000007af  vTaskResume                      
00000831  xTaskResumeFromISR               
000008c1  vTaskStartScheduler              
00000919  vTaskEndScheduler                
00000935  vTaskSuspendAll                  
0000094d  xTaskResumeAll                   
00000a21  xTaskGetTickCount                
00000a31  xTaskGetTickCountFromISR         
00000a49  uxTaskGetNumberOfTasks           
00000a55  uxTaskGetSystemState             
00000b29  xTaskIncrementTick               
00000c4d  vTaskSwitchContext               
00000cf9  vTaskPlaceOnEventList            
00000d61  vTaskPlaceOnUnorderedEventList   
00000dd5  xTaskRemoveFromEventList         
00000e51  xTaskRemoveFromUnorderedEventList
00000ec3  vTaskSetTimeOutState             
00000ee1  xTaskCheckForTimeOut             
00000f5b  vTaskMissedYield                 
00000f6d  uxTaskGetTaskNumber              
00000f8d  vTaskSetTaskNumber               
000012fd  uxTaskGetStackHighWaterMark      
0000138b  xTaskGetCurrentTaskHandle        
000013a9  vTaskPriorityInherit             
00001463  xTaskPriorityDisinherit          
000014ff  uxTaskResetEventItemValue        
00001521  pvTaskIncrementMutexHeldCount    
00001539  ulTaskNotifyTake                 
000015fd  xTaskNotifyWait                  
000016e3  xTaskGenericNotify               
000017d5  xTaskGenericNotifyFromISR        
000018dd  vTaskNotifyGiveFromISR           
00001983  xTaskNotifyStateClear            
000019d5  pvPortMalloc                     
00001acd  vPortFree                        
00001b2b  xPortGetFreeHeapSize             
00001b31  vPortInitialiseBlocks            
00001b8d  GPIOPadConfigSet                 
00001cf9  vApplicationStackOverflowHook    
00001d03  RED                              
00001d2b  BLUE                             
00001d53  GREEN                            
00001d7b  main                             
00001e3d  vListInitialise                  
00001e6d  vListInitialiseItem              
00001e7d  vListInsertEnd                   
00001eb9  vListInsert                      
00001f1f  uxListRemove                     
00001f69  pxPortInitialiseStack            
00001fcf  xPortStartScheduler              
00002005  vPortEndScheduler                
00002007  vPortEnterCritical               
00002027  vPortExitCritical                
0000203d  xPortSysTickHandler              
00002063  vPortSetupTimerInterrupt         
00002091  SysCtlClockSet                   
00002195  ulPortGetIPSR                    
000021ad  xPortPendSVHandler               
0000220d  vPortSVCHandler                  
0000222d  vPortStartFirstTask              
00002249  vPortEnableVFP                   
00002257  __aeabi_memcpy                   
00002257  __aeabi_memcpy4                  
00002257  __aeabi_memcpy8                  
00002257  memcpy                           
000022f3  __aeabi_memclr                   
000022f3  __aeabi_memclr4                  
000022f3  __aeabi_memclr8                  
000022f5  __aeabi_memset                   
000022f5  __aeabi_memset4                  
000022f5  __aeabi_memset8                  
000022fb  memset                           
0000236d  __TI_decompress_lzss             
000023d5  __TI_auto_init_nobinit_nopinit   
00002419  SysCtlPeripheralEnable           
0000244d  _c_int00_noargs                  
00002481  GPIODirModeSet                   
000024ad  GPIOPinTypeGPIOOutput            
000024c7  __TI_decompress_none             
000024d5  __TI_zero_init                   
000024e1  ResetISR                         
000024ed  GPIOPinWrite                     
000024f3  SysCtlDelay                      
000024f9  _system_pre_init                 
000024fd  C$$EXIT                          
000024fd  abort                            
00002500  ulMaxSyscallInterruptPriority    
00002518  __TI_Handler_Table_Base          
00002524  __TI_Handler_Table_Limit         
00002530  __TI_CINIT_Base                  
00002540  __TI_CINIT_Limit                 
20000000  __start___llvm_prf_cnts          
20000000  __stop___llvm_prf_cnts           
200076f0  __stack                          
200078f0  __STACK_END                      
200078f0  __STACK_TOP                      
200078f0  pxCurrentTCB                     
ffffffff  __TI_pprof_out_hndl              
ffffffff  __TI_prof_data_size              
ffffffff  __TI_prof_data_start             
ffffffff  __binit__                        
ffffffff  __c_args__                       
ffffffff  binit                            
UNDEFED   __mpu_init                       
UNDEFED   _system_post_cinit               

[116 symbols]
